Warning: This is a nightly build of Foundry. It is recommended to use the latest stable version. To mute this warning set `FOUNDRY_DISABLE_NIGHTLY_WARNING` in your environment.

Compiling 1 files with Solc 0.8.34
Solc 0.8.34 finished in 42.92s
Compiler run successful with warnings:
Warning (2519): This declaration shadows an existing declaration.
  --> contracts/libraries/MineFlipGas.sol:59:9:
   |
59 |         uint256 available = gasleft();
   |         ^^^^^^^^^^^^^^^^^
Note: The shadowed declaration is here:
  --> contracts/libraries/MineFlipGas.sol:29:5:
   |
29 |     function available() internal view returns (uint256) {
   |     ^ (Relevant source part starts here and spans across multiple lines).

Warning (2519): This declaration shadows an existing declaration.
    --> contracts/storage/DegenerusGameStorage.sol:3465:43:
     |
3465 |     function _lootboxEvUsedFor(uint32 id, uint24 level)
     |                                           ^^^^^^^^^^^^
Note: The shadowed declaration is here:
   --> contracts/storage/DegenerusGameStorage.sol:378:5:
    |
378 |     uint24 public level = 0;
    |     ^^^^^^^^^^^^^^^^^^^^^^^

Warning (2519): This declaration shadows an existing declaration.
    --> contracts/storage/DegenerusGameStorage.sol:3481:9:
     |
3481 |         uint24 level,
     |         ^^^^^^^^^^^^
Note: The shadowed declaration is here:
   --> contracts/storage/DegenerusGameStorage.sol:378:5:
    |
378 |     uint24 public level = 0;
    |     ^^^^^^^^^^^^^^^^^^^^^^^

Warning (2519): This declaration shadows an existing declaration.
    --> contracts/storage/DegenerusGameStorage.sol:3640:41:
     |
3640 |     function _centuryUsedFor(uint32 id, uint256 level) internal view returns (uint256) {
     |                                         ^^^^^^^^^^^^^
Note: The shadowed declaration is here:
   --> contracts/storage/DegenerusGameStorage.sol:378:5:
    |
378 |     uint24 public level = 0;
    |     ^^^^^^^^^^^^^^^^^^^^^^^

Warning (2519): This declaration shadows an existing declaration.
    --> contracts/storage/DegenerusGameStorage.sol:3646:44:
     |
3646 |     function _setCenturyUsedFor(uint32 id, uint256 level, uint256 used) internal {
     |                                            ^^^^^^^^^^^^^
Note: The shadowed declaration is here:
   --> contracts/storage/DegenerusGameStorage.sol:378:5:
    |
378 |     uint24 public level = 0;
    |     ^^^^^^^^^^^^^^^^^^^^^^^

Warning (2519): This declaration shadows an existing declaration.
   --> contracts/DegenerusVault.sol:708:9:
    |
708 |         uint8 symbol,
    |         ^^^^^^^^^^^^
Note: The shadowed declaration is here:
   --> contracts/DegenerusVault.sol:505:5:
    |
505 |     string public constant symbol = "DGV";
    |     ^^^^^^^^^^^^^^^^^^^^^^^^^^^^^^^^^^^^^

Warning (2519): This declaration shadows an existing declaration.
  --> contracts/libraries/TicketEntropy.sol:32:54:
   |
32 |     function identity(uint24 queueKey, uint24 level, uint256 queueIndex, uint32 walletId)
   |                                                      ^^^^^^^^^^^^^^^^^^
Note: The shadowed declaration is here:
  --> contracts/libraries/TicketEntropy.sol:23:5:
   |
23 |     function queueIndex(uint256 logical, uint256 start, uint256 total) internal pure returns (uint256 physical) {
   |     ^ (Relevant source part starts here and spans across multiple lines).

Warning (3149): The result type of the shift operation is equal to the type of the first operand (uint32) ignoring the (larger) type of the second operand (uint256) which might be unexpected. Silence this warning by either converting the first or the second operand to the type of the other.
    --> contracts/Coinflip.sol:1587:32:
     |
1587 |             bool win = wins & (uint32(1) << offset) != 0;
     |                                ^^^^^^^^^^^^^^^^^^^

Warning (3149): The result type of the shift operation is equal to the type of the first operand (uint80) ignoring the (larger) type of the second operand (uint256) which might be unexpected. Silence this warning by either converting the first or the second operand to the type of the other.
    --> contracts/storage/DegenerusGameStorage.sol:1233:22:
     |
1233 |             packed = uint80(id) << OWNER_IDX_SHIFT;
     |                      ^^^^^^^^^^^^^^^^^^^^^^^^^^^^^

Warning (3149): The result type of the shift operation is equal to the type of the first operand (uint80) ignoring the (larger) type of the second operand (uint256) which might be unexpected. Silence this warning by either converting the first or the second operand to the type of the other.
    --> contracts/storage/DegenerusGameStorage.sol:1302:22:
     |
1302 |             packed = uint80(id) << OWNER_IDX_SHIFT;
     |                      ^^^^^^^^^^^^^^^^^^^^^^^^^^^^^

Warning (3149): The result type of the shift operation is equal to the type of the first operand (uint80) ignoring the (larger) type of the second operand (uint256) which might be unexpected. Silence this warning by either converting the first or the second operand to the type of the other.
    --> contracts/storage/DegenerusGameStorage.sol:1369:25:
     |
1369 |         uint80 idBits = uint80(id) << OWNER_IDX_SHIFT;
     |                         ^^^^^^^^^^^^^^^^^^^^^^^^^^^^^

Warning (3149): The result type of the shift operation is equal to the type of the first operand (uint80) ignoring the (larger) type of the second operand (uint256) which might be unexpected. Silence this warning by either converting the first or the second operand to the type of the other.
    --> contracts/storage/DegenerusGameStorage.sol:1813:25:
     |
1813 |                 return (uint80(id) << OWNER_IDX_SHIFT) | uint80((lane & 0x3fffffff) << 8)
     |                         ^^^^^^^^^^^^^^^^^^^^^^^^^^^^^

Warning (3149): The result type of the shift operation is equal to the type of the first operand (uint64) ignoring the (larger) type of the second operand (uint256) which might be unexpected. Silence this warning by either converting the first or the second operand to the type of the other.
   --> contracts/modules/DegenerusGameDecimatorModule.sol:262:24:
    |
262 |             weights |= uint64(weight) << (uint256(q) * 16);
    |                        ^^^^^^^^^^^^^^^^^^^^^^^^^^^^^^^^^^^

Warning (3149): The result type of the shift operation is equal to the type of the first operand (uint80) ignoring the (larger) type of the second operand (uint256) which might be unexpected. Silence this warning by either converting the first or the second operand to the type of the other.
  --> contracts/modules/DegenerusGameFoilPackModule.sol:93:26:
   |
93 |                 packed = uint80(id) << OWNER_IDX_SHIFT;
   |                          ^^^^^^^^^^^^^^^^^^^^^^^^^^^^^

Warning (3149): The result type of the shift operation is equal to the type of the first operand (uint80) ignoring the (larger) type of the second operand (uint256) which might be unexpected. Silence this warning by either converting the first or the second operand to the type of the other.
    --> contracts/modules/DegenerusGameWhaleModule.sol:1014:26:
     |
1014 |                 packed = uint80(id) << OWNER_IDX_SHIFT;
     |                          ^^^^^^^^^^^^^^^^^^^^^^^^^^^^^

Warning (3149): The result type of the shift operation is equal to the type of the first operand (uint128) ignoring the (larger) type of the second operand (uint256) which might be unexpected. Silence this warning by either converting the first or the second operand to the type of the other.
    --> contracts/sDGNRS.sol:1344:44:
     |
1344 |             players.push(uint128(units) | (uint128(walletId) << BATCH_PLAYER_ID_SHIFT)
     |                                            ^^^^^^^^^^^^^^^^^^^^^^^^^^^^^^^^^^^^^^^^^^

Warning (3149): The result type of the shift operation is equal to the type of the first operand (uint128) ignoring the (larger) type of the second operand (uint256) which might be unexpected. Silence this warning by either converting the first or the second operand to the type of the other.
    --> contracts/sDGNRS.sol:1345:20:
     |
1345 |                 | (uint128(uint16(score) + 1) << BATCH_PLAYER_SCORE_SHIFT));
     |                    ^^^^^^^^^^^^^^^^^^^^^^^^^^^^^^^^^^^^^^^^^^^^^^^^^^^^^^

Warning (5667): Unused function parameter. Remove or comment out the variable name to silence this warning.
   --> contracts/CrapsBattle.sol:765:9:
    |
765 |         uint32 played,
    |         ^^^^^^^^^^^^^

Warning (5667): Unused function parameter. Remove or comment out the variable name to silence this warning.
   --> contracts/CrapsBattle.sol:766:9:
    |
766 |         uint8 bankMult,
    |         ^^^^^^^^^^^^^^

Warning (5667): Unused function parameter. Remove or comment out the variable name to silence this warning.
   --> contracts/CrapsBattle.sol:767:9:
    |
767 |         uint16 goalMult,
    |         ^^^^^^^^^^^^^^^

Warning (5667): Unused function parameter. Remove or comment out the variable name to silence this warning.
   --> contracts/CrapsBattle.sol:768:9:
    |
768 |         uint24 stakeUnits,
    |         ^^^^^^^^^^^^^^^^^

Warning (5667): Unused function parameter. Remove or comment out the variable name to silence this warning.
   --> contracts/CrapsBattle.sol:769:9:
    |
769 |         uint40 closeTime,
    |         ^^^^^^^^^^^^^^^^

Warning (5667): Unused function parameter. Remove or comment out the variable name to silence this warning.
   --> contracts/CrapsBattle.sol:770:9:
    |
770 |         bool multiEntry,
    |         ^^^^^^^^^^^^^^^

Warning (5667): Unused function parameter. Remove or comment out the variable name to silence this warning.
   --> contracts/CrapsBattle.sol:771:9:
    |
771 |         uint16 highRollerMult
    |         ^^^^^^^^^^^^^^^^^^^^^

Warning (5667): Unused function parameter. Remove or comment out the variable name to silence this warning.
   --> contracts/CrapsBattle.sol:772:25:
    |
772 |     ) external returns (uint64 slot) {
    |                         ^^^^^^^^^^^

Warning (5667): Unused function parameter. Remove or comment out the variable name to silence this warning.
   --> contracts/CrapsBattle.sol:836:31:
    |
836 |     function setBattleCreator(address account, bool allowed) external {
    |                               ^^^^^^^^^^^^^^^

Warning (5667): Unused function parameter. Remove or comment out the variable name to silence this warning.
   --> contracts/CrapsBattle.sol:836:48:
    |
836 |     function setBattleCreator(address account, bool allowed) external {
    |                                                ^^^^^^^^^^^^

Warning (5667): Unused function parameter. Remove or comment out the variable name to silence this warning.
    --> contracts/CrapsBattle.sol:1231:34:
     |
1231 |     function convertNormalToHigh(uint32 id, uint32 highCount) external { _delegateJackpot(); }
     |                                  ^^^^^^^^^

Warning (5667): Unused function parameter. Remove or comment out the variable name to silence this warning.
    --> contracts/CrapsBattle.sol:1231:45:
     |
1231 |     function convertNormalToHigh(uint32 id, uint32 highCount) external { _delegateJackpot(); }
     |                                             ^^^^^^^^^^^^^^^^

Warning (5667): Unused function parameter. Remove or comment out the variable name to silence this warning.
    --> contracts/CrapsBattle.sol:1252:33:
     |
1252 |     function upgradeReservedDay(uint32 id, uint24 day) external { _delegateJackpot(); }
     |                                 ^^^^^^^^^

Warning (5667): Unused function parameter. Remove or comment out the variable name to silence this warning.
    --> contracts/CrapsBattle.sol:1252:44:
     |
1252 |     function upgradeReservedDay(uint32 id, uint24 day) external { _delegateJackpot(); }
     |                                            ^^^^^^^^^^

Warning (5667): Unused function parameter. Remove or comment out the variable name to silence this warning.
    --> contracts/DegenerusAffiliate.sol:1086:28:
     |
1086 |     function _payoutUpline(bytes32 code, uint32 ownerId, bool second, uint256 cache)
     |                            ^^^^^^^^^^^^

Warning (5667): Unused function parameter. Remove or comment out the variable name to silence this warning.
    --> contracts/DegenerusGame.sol:1232:36:
     |
1232 |     function withdrawAfkingFunding(uint32 id, uint256 amount) external {
     |                                    ^^^^^^^^^

Warning (5667): Unused function parameter. Remove or comment out the variable name to silence this warning.
    --> contracts/DegenerusGame.sol:1232:47:
     |
1232 |     function withdrawAfkingFunding(uint32 id, uint256 amount) external {
     |                                               ^^^^^^^^^^^^^^

Warning (5667): Unused function parameter. Remove or comment out the variable name to silence this warning.
   --> contracts/modules/DegenerusGameGameOverModule.sol:610:36:
    |
610 |     function _resumeTerminalPayout(uint24 day, MineFlipGas.Meter memory meter, TerminalWork memory work) private returns (bool done) {
    |                                    ^^^^^^^^^^

Warning (2018): Function state mutability can be restricted to pure
   --> contracts/CrapsBattle.sol:944:5:
    |
944 |     function _settlementOf(uint256 betId, uint256 header, Window memory w, uint256 word)
    |     ^ (Relevant source part starts here and spans across multiple lines).

Warning (2018): Function state mutability can be restricted to pure
    --> contracts/CrapsBattle.sol:1028:5:
     |
1028 |     function _windowTermsOn(uint24 day, uint256 period, uint256 word) internal view returns (Window memory w) {
     |     ^ (Relevant source part starts here and spans across multiple lines).

Warning (2018): Function state mutability can be restricted to view
    --> contracts/DegenerusAffiliate.sol:1086:5:
     |
1086 |     function _payoutUpline(bytes32 code, uint32 ownerId, bool second, uint256 cache)
     |     ^ (Relevant source part starts here and spans across multiple lines).

Warning (2018): Function state mutability can be restricted to pure
   --> contracts/DegenerusRecordBounty.sol:441:5:
    |
441 |     function getApproved(uint256 tokenId) external view returns (address) {
    |     ^ (Relevant source part starts here and spans across multiple lines).

Warning (2018): Function state mutability can be restricted to pure
    --> contracts/JackpotBattle.sol:1086:5:
     |
1086 |     function _windowTermsOn(uint24 day, uint256 period, uint256 word) internal view returns (Window memory w) {
     |     ^ (Relevant source part starts here and spans across multiple lines).


Ran 2 tests for test/gas/ResolutionCleanupGas.t.sol:ResolutionCleanupGasTest
[PASS] test_CrapsFiveFieldsOneSeat() (gas: 6003078)
Logs:
  one-seat-arm-execution-gas: 536627
  one-seat-mineFlip-execution-gas: 1989930

[PASS] test_CrapsFiveFieldsThreeSeats() (gas: 6866911)
Logs:
  three-seats-arm-execution-gas: 536627
  three-seats-mineFlip-execution-gas: 2520956

Suite result: ok. 2 passed; 0 failed; 0 skipped; finished in 18.06ms (16.54ms CPU time)

Ran 1 test suite in 18.52ms (18.06ms CPU time): 2 tests passed, 0 failed, 0 skipped (2 total tests)
