Warning: This is a nightly build of Foundry. It is recommended to use the latest stable version. To mute this warning set `FOUNDRY_DISABLE_NIGHTLY_WARNING` in your environment.

Compiling 1 files with Solc 0.8.34
Solc 0.8.34 finished in 9.13s
Compiler run successful with warnings:
Warning (2519): This declaration shadows an existing declaration.
  --> contracts/libraries/MineFlipGas.sol:59:9:
   |
59 |         uint256 available = gasleft();
   |         ^^^^^^^^^^^^^^^^^
Note: The shadowed declaration is here:
  --> contracts/libraries/MineFlipGas.sol:29:5:
   |
29 |     function available() internal view returns (uint256) {
   |     ^ (Relevant source part starts here and spans across multiple lines).

Warning (5667): Unused function parameter. Remove or comment out the variable name to silence this warning.
   --> contracts/CrapsBattle.sol:765:9:
    |
765 |         uint32 played,
    |         ^^^^^^^^^^^^^

Warning (5667): Unused function parameter. Remove or comment out the variable name to silence this warning.
   --> contracts/CrapsBattle.sol:766:9:
    |
766 |         uint8 bankMult,
    |         ^^^^^^^^^^^^^^

Warning (5667): Unused function parameter. Remove or comment out the variable name to silence this warning.
   --> contracts/CrapsBattle.sol:767:9:
    |
767 |         uint16 goalMult,
    |         ^^^^^^^^^^^^^^^

Warning (5667): Unused function parameter. Remove or comment out the variable name to silence this warning.
   --> contracts/CrapsBattle.sol:768:9:
    |
768 |         uint24 stakeUnits,
    |         ^^^^^^^^^^^^^^^^^

Warning (5667): Unused function parameter. Remove or comment out the variable name to silence this warning.
   --> contracts/CrapsBattle.sol:769:9:
    |
769 |         uint40 closeTime,
    |         ^^^^^^^^^^^^^^^^

Warning (5667): Unused function parameter. Remove or comment out the variable name to silence this warning.
   --> contracts/CrapsBattle.sol:770:9:
    |
770 |         bool multiEntry,
    |         ^^^^^^^^^^^^^^^

Warning (5667): Unused function parameter. Remove or comment out the variable name to silence this warning.
   --> contracts/CrapsBattle.sol:771:9:
    |
771 |         uint16 highRollerMult
    |         ^^^^^^^^^^^^^^^^^^^^^

Warning (5667): Unused function parameter. Remove or comment out the variable name to silence this warning.
   --> contracts/CrapsBattle.sol:772:25:
    |
772 |     ) external returns (uint64 slot) {
    |                         ^^^^^^^^^^^

Warning (5667): Unused function parameter. Remove or comment out the variable name to silence this warning.
   --> contracts/CrapsBattle.sol:836:31:
    |
836 |     function setBattleCreator(address account, bool allowed) external {
    |                               ^^^^^^^^^^^^^^^

Warning (5667): Unused function parameter. Remove or comment out the variable name to silence this warning.
   --> contracts/CrapsBattle.sol:836:48:
    |
836 |     function setBattleCreator(address account, bool allowed) external {
    |                                                ^^^^^^^^^^^^

Warning (5667): Unused function parameter. Remove or comment out the variable name to silence this warning.
    --> contracts/CrapsBattle.sol:1231:34:
     |
1231 |     function convertNormalToHigh(uint32 id, uint32 highCount) external { _delegateJackpot(); }
     |                                  ^^^^^^^^^

Warning (5667): Unused function parameter. Remove or comment out the variable name to silence this warning.
    --> contracts/CrapsBattle.sol:1231:45:
     |
1231 |     function convertNormalToHigh(uint32 id, uint32 highCount) external { _delegateJackpot(); }
     |                                             ^^^^^^^^^^^^^^^^

Warning (5667): Unused function parameter. Remove or comment out the variable name to silence this warning.
    --> contracts/CrapsBattle.sol:1252:33:
     |
1252 |     function upgradeReservedDay(uint32 id, uint24 day) external { _delegateJackpot(); }
     |                                 ^^^^^^^^^

Warning (5667): Unused function parameter. Remove or comment out the variable name to silence this warning.
    --> contracts/CrapsBattle.sol:1252:44:
     |
1252 |     function upgradeReservedDay(uint32 id, uint24 day) external { _delegateJackpot(); }
     |                                            ^^^^^^^^^^

Warning (5667): Unused function parameter. Remove or comment out the variable name to silence this warning.
   --> test/craps/CrapsPins.sol:474:99:
    |
474 |     function _openBattle(CrapsViews c, uint32 played, uint8 bankMult, uint16 goalMult, uint24 su, uint16 bar)
    |                                                                                                   ^^^^^^^^^^

Warning (2018): Function state mutability can be restricted to pure
   --> contracts/CrapsBattle.sol:944:5:
    |
944 |     function _settlementOf(uint256 betId, uint256 header, Window memory w, uint256 word)
    |     ^ (Relevant source part starts here and spans across multiple lines).

Warning (2018): Function state mutability can be restricted to pure
    --> contracts/CrapsBattle.sol:1028:5:
     |
1028 |     function _windowTermsOn(uint24 day, uint256 period, uint256 word) internal view returns (Window memory w) {
     |     ^ (Relevant source part starts here and spans across multiple lines).

Warning (2018): Function state mutability can be restricted to pure
    --> contracts/JackpotBattle.sol:1090:5:
     |
1090 |     function _windowTermsOn(uint24 day, uint256 period, uint256 word) internal view returns (Window memory w) {
     |     ^ (Relevant source part starts here and spans across multiple lines).


Ran 8 tests for test/craps/RngCohortRecycling.t.sol:CustomCohortRecyclingTest
[PASS] test_CustomArmRegistersHashedFieldAndKeeperFinishesIt() (gas: 1041102)
[PASS] test_CustomCloseHorizonBoundsFundedCapacityOccupancy() (gas: 959140)
[PASS] test_FailedSettlementPreservesFieldCapacityAndGameFlag() (gas: 1131806)
[PASS] test_FifthFundedFieldRejectedBeforeBurnAndCompleteFieldReleasesCapacity() (gas: 1975484)
[PASS] test_GameMirrorClearsOnlyAfterEveryFieldAtIndexSettles() (gas: 1451278)
[PASS] test_MoreThan64RepeatEntriesAllowedAndPartialSettlementKeepsGateClosed() (gas: 9099847)
[PASS] test_SpentBattleCannotDischargeNewPendingFieldWhenItsBufferIsReused() (gas: 2246218)
[PASS] test_TerminalRequestKillsUnfinishedCrapsWithoutUsingTerminalEntropy() (gas: 1184061)
Suite result: ok. 8 passed; 0 failed; 0 skipped; finished in 8.23ms (11.30ms CPU time)

Ran 10 tests for test/craps/CrapsStorageReuse.t.sol:CrapsStorageReuseTest
[PASS] testFuzz_TagPreservesMoneyFlagsAndRejectsForgedDay(uint24,uint32,uint256) (runs: 1000, μ: 106161, ~: 106108)
[PASS] test_DayThirtyStillPaysIdenticallyAndDayThirtyOneExpires() (gas: 2177777)
[PASS] test_ExpiredJackpotCannotAppendOverNewSeatsOrPayReserve() (gas: 1354111)
[PASS] test_ExpiredLapsedDayCannotRefundTheNewReservation() (gas: 846126)
[PASS] test_ExpiredReadCohortCannotPayReusedBetsAndDrainsOnce() (gas: 1601713)
[PASS] test_PartialSettlementThenExpirationCannotPayAgain() (gas: 1775819)
[PASS] test_ProductionCallerCannotSkipHeadBeforeExpiry() (gas: 2069121)
[PASS] test_ReusedBetAndMembershipRejectOldIdsAndUnwrittenTail() (gas: 782101)
[PASS] test_ThirtyDayBookingLimitIsAtomicForBothPurchaseAndPasses() (gas: 1002522)
[PASS] test_ThreeLanesShareWordAndAmendPreservesBothNeighbors() (gas: 281032)
Suite result: ok. 10 passed; 0 failed; 0 skipped; finished in 29.24ms (36.43ms CPU time)

Ran 7 tests for test/craps/CrapsGlobalWorkOrder.t.sol:CrapsGlobalWorkOrderTest
[PASS] test_EarlierCategoriesBlockReadSettlement() (gas: 1026495)
[PASS] test_FundedGasLimitsHaveIdenticalReceiptsAndLowGasLeavesSafeCheckpoint() (gas: 1097152)
[PASS] test_OnlyGameCanSupplyWorkerAllowance() (gas: 70328)
[PASS] test_ProtocolAllowanceReservesEntireAtomicSeat() (gas: 304981)
[PASS] test_ReadWorkSettlesCommittedFieldsInOrder() (gas: 437102)
[PASS] test_WarmnessAndChunkBoundariesPreserveFinalResults() (gas: 88120008)
[PASS] test_ZeroWorkerAllowanceLeavesSettlementAndLifecycleUntouched() (gas: 149827)
Suite result: ok. 7 passed; 0 failed; 0 skipped; finished in 113.21ms (115.82ms CPU time)

Ran 3 test suites in 114.16ms (150.67ms CPU time): 25 tests passed, 0 failed, 0 skipped (25 total tests)
