Warning: This is a nightly build of Foundry. It is recommended to use the latest stable version. To mute this warning set `FOUNDRY_DISABLE_NIGHTLY_WARNING` in your environment.

Compiling 9 files with Solc 0.8.34
Solc 0.8.34 finished in 116.82s
Compiler run successful with warnings:
Warning (2519): This declaration shadows an existing declaration.
  --> contracts/libraries/MineFlipGas.sol:59:9:
   |
59 |         uint256 available = gasleft();
   |         ^^^^^^^^^^^^^^^^^
Note: The shadowed declaration is here:
  --> contracts/libraries/MineFlipGas.sol:29:5:
   |
29 |     function available() internal view returns (uint256) {
   |     ^ (Relevant source part starts here and spans across multiple lines).

Warning (2519): This declaration shadows an existing declaration.
    --> contracts/storage/DegenerusGameStorage.sol:3460:43:
     |
3460 |     function _lootboxEvUsedFor(uint32 id, uint24 level)
     |                                           ^^^^^^^^^^^^
Note: The shadowed declaration is here:
   --> contracts/storage/DegenerusGameStorage.sol:378:5:
    |
378 |     uint24 public level = 0;
    |     ^^^^^^^^^^^^^^^^^^^^^^^

Warning (2519): This declaration shadows an existing declaration.
    --> contracts/storage/DegenerusGameStorage.sol:3476:9:
     |
3476 |         uint24 level,
     |         ^^^^^^^^^^^^
Note: The shadowed declaration is here:
   --> contracts/storage/DegenerusGameStorage.sol:378:5:
    |
378 |     uint24 public level = 0;
    |     ^^^^^^^^^^^^^^^^^^^^^^^

Warning (2519): This declaration shadows an existing declaration.
    --> contracts/storage/DegenerusGameStorage.sol:3635:41:
     |
3635 |     function _centuryUsedFor(uint32 id, uint256 level) internal view returns (uint256) {
     |                                         ^^^^^^^^^^^^^
Note: The shadowed declaration is here:
   --> contracts/storage/DegenerusGameStorage.sol:378:5:
    |
378 |     uint24 public level = 0;
    |     ^^^^^^^^^^^^^^^^^^^^^^^

Warning (2519): This declaration shadows an existing declaration.
    --> contracts/storage/DegenerusGameStorage.sol:3641:44:
     |
3641 |     function _setCenturyUsedFor(uint32 id, uint256 level, uint256 used) internal {
     |                                            ^^^^^^^^^^^^^
Note: The shadowed declaration is here:
   --> contracts/storage/DegenerusGameStorage.sol:378:5:
    |
378 |     uint24 public level = 0;
    |     ^^^^^^^^^^^^^^^^^^^^^^^

Warning (2519): This declaration shadows an existing declaration.
  --> contracts/libraries/TicketEntropy.sol:32:54:
   |
32 |     function identity(uint24 queueKey, uint24 level, uint256 queueIndex, uint32 walletId)
   |                                                      ^^^^^^^^^^^^^^^^^^
Note: The shadowed declaration is here:
  --> contracts/libraries/TicketEntropy.sol:23:5:
   |
23 |     function queueIndex(uint256 logical, uint256 start, uint256 total) internal pure returns (uint256 physical) {
   |     ^ (Relevant source part starts here and spans across multiple lines).

Warning (2519): This declaration shadows an existing declaration.
   --> contracts/DegenerusVault.sol:715:9:
    |
715 |         uint8 symbol,
    |         ^^^^^^^^^^^^
Note: The shadowed declaration is here:
   --> contracts/DegenerusVault.sol:512:5:
    |
512 |     string public constant symbol = "DGV";
    |     ^^^^^^^^^^^^^^^^^^^^^^^^^^^^^^^^^^^^^

Warning (8760): This declaration has the same name as another declaration.
  --> contracts/mocks/DegeneretteMathHarness.sol:14:9:
   |
14 |         SpinResult memory spin;
   |         ^^^^^^^^^^^^^^^^^^^^^^
Note: The other declaration is here:
  --> contracts/mocks/DegeneretteMathHarness.sol:56:5:
   |
56 |     function spin(uint256 seed, uint256 houseSeed, uint8 symbol, uint8 currency)
   |     ^ (Relevant source part starts here and spans across multiple lines).

Warning (3149): The result type of the shift operation is equal to the type of the first operand (uint80) ignoring the (larger) type of the second operand (uint256) which might be unexpected. Silence this warning by either converting the first or the second operand to the type of the other.
    --> contracts/storage/DegenerusGameStorage.sol:1232:22:
     |
1232 |             packed = uint80(id) << OWNER_IDX_SHIFT;
     |                      ^^^^^^^^^^^^^^^^^^^^^^^^^^^^^

Warning (3149): The result type of the shift operation is equal to the type of the first operand (uint80) ignoring the (larger) type of the second operand (uint256) which might be unexpected. Silence this warning by either converting the first or the second operand to the type of the other.
    --> contracts/storage/DegenerusGameStorage.sol:1301:22:
     |
1301 |             packed = uint80(id) << OWNER_IDX_SHIFT;
     |                      ^^^^^^^^^^^^^^^^^^^^^^^^^^^^^

Warning (3149): The result type of the shift operation is equal to the type of the first operand (uint80) ignoring the (larger) type of the second operand (uint256) which might be unexpected. Silence this warning by either converting the first or the second operand to the type of the other.
    --> contracts/storage/DegenerusGameStorage.sol:1368:25:
     |
1368 |         uint80 idBits = uint80(id) << OWNER_IDX_SHIFT;
     |                         ^^^^^^^^^^^^^^^^^^^^^^^^^^^^^

Warning (3149): The result type of the shift operation is equal to the type of the first operand (uint80) ignoring the (larger) type of the second operand (uint256) which might be unexpected. Silence this warning by either converting the first or the second operand to the type of the other.
    --> contracts/storage/DegenerusGameStorage.sol:1808:25:
     |
1808 |                 return (uint80(id) << OWNER_IDX_SHIFT) | uint80((lane & 0x3fffffff) << 8)
     |                         ^^^^^^^^^^^^^^^^^^^^^^^^^^^^^

Warning (3149): The result type of the shift operation is equal to the type of the first operand (uint80) ignoring the (larger) type of the second operand (uint256) which might be unexpected. Silence this warning by either converting the first or the second operand to the type of the other.
    --> contracts/modules/DegenerusGameWhaleModule.sol:1014:26:
     |
1014 |                 packed = uint80(id) << OWNER_IDX_SHIFT;
     |                          ^^^^^^^^^^^^^^^^^^^^^^^^^^^^^

Warning (3149): The result type of the shift operation is equal to the type of the first operand (uint64) ignoring the (larger) type of the second operand (uint256) which might be unexpected. Silence this warning by either converting the first or the second operand to the type of the other.
   --> contracts/modules/DegenerusGameDecimatorModule.sol:262:24:
    |
262 |             weights |= uint64(weight) << (uint256(q) * 16);
    |                        ^^^^^^^^^^^^^^^^^^^^^^^^^^^^^^^^^^^

Warning (3149): The result type of the shift operation is equal to the type of the first operand (uint80) ignoring the (larger) type of the second operand (uint256) which might be unexpected. Silence this warning by either converting the first or the second operand to the type of the other.
  --> contracts/modules/DegenerusGameFoilPackModule.sol:93:26:
   |
93 |                 packed = uint80(id) << OWNER_IDX_SHIFT;
   |                          ^^^^^^^^^^^^^^^^^^^^^^^^^^^^^

Warning (3149): The result type of the shift operation is equal to the type of the first operand (uint32) ignoring the (larger) type of the second operand (uint256) which might be unexpected. Silence this warning by either converting the first or the second operand to the type of the other.
    --> contracts/Coinflip.sol:1567:32:
     |
1567 |             bool win = wins & (uint32(1) << offset) != 0;
     |                                ^^^^^^^^^^^^^^^^^^^

Warning (3149): The result type of the shift operation is equal to the type of the first operand (uint128) ignoring the (larger) type of the second operand (uint256) which might be unexpected. Silence this warning by either converting the first or the second operand to the type of the other.
    --> contracts/sDGNRS.sol:1326:44:
     |
1326 |             players.push(uint128(units) | (uint128(walletId) << BATCH_PLAYER_ID_SHIFT)
     |                                            ^^^^^^^^^^^^^^^^^^^^^^^^^^^^^^^^^^^^^^^^^^

Warning (3149): The result type of the shift operation is equal to the type of the first operand (uint128) ignoring the (larger) type of the second operand (uint256) which might be unexpected. Silence this warning by either converting the first or the second operand to the type of the other.
    --> contracts/sDGNRS.sol:1327:20:
     |
1327 |                 | (uint128(uint16(score) + 1) << BATCH_PLAYER_SCORE_SHIFT));
     |                    ^^^^^^^^^^^^^^^^^^^^^^^^^^^^^^^^^^^^^^^^^^^^^^^^^^^^^^

Warning (5667): Unused function parameter. Remove or comment out the variable name to silence this warning.
   --> contracts/modules/DegenerusGameGameOverModule.sol:610:36:
    |
610 |     function _resumeTerminalPayout(uint24 day, MineFlipGas.Meter memory meter, TerminalWork memory work) private returns (bool done) {
    |                                    ^^^^^^^^^^

Warning (5667): Unused function parameter. Remove or comment out the variable name to silence this warning.
   --> contracts/CrapsBattle.sol:765:9:
    |
765 |         uint32 played,
    |         ^^^^^^^^^^^^^

Warning (5667): Unused function parameter. Remove or comment out the variable name to silence this warning.
   --> contracts/CrapsBattle.sol:766:9:
    |
766 |         uint8 bankMult,
    |         ^^^^^^^^^^^^^^

Warning (5667): Unused function parameter. Remove or comment out the variable name to silence this warning.
   --> contracts/CrapsBattle.sol:767:9:
    |
767 |         uint16 goalMult,
    |         ^^^^^^^^^^^^^^^

Warning (5667): Unused function parameter. Remove or comment out the variable name to silence this warning.
   --> contracts/CrapsBattle.sol:768:9:
    |
768 |         uint24 stakeUnits,
    |         ^^^^^^^^^^^^^^^^^

Warning (5667): Unused function parameter. Remove or comment out the variable name to silence this warning.
   --> contracts/CrapsBattle.sol:769:9:
    |
769 |         uint40 closeTime,
    |         ^^^^^^^^^^^^^^^^

Warning (5667): Unused function parameter. Remove or comment out the variable name to silence this warning.
   --> contracts/CrapsBattle.sol:770:9:
    |
770 |         bool multiEntry,
    |         ^^^^^^^^^^^^^^^

Warning (5667): Unused function parameter. Remove or comment out the variable name to silence this warning.
   --> contracts/CrapsBattle.sol:771:9:
    |
771 |         uint16 highRollerMult
    |         ^^^^^^^^^^^^^^^^^^^^^

Warning (5667): Unused function parameter. Remove or comment out the variable name to silence this warning.
   --> contracts/CrapsBattle.sol:772:25:
    |
772 |     ) external returns (uint64 slot) {
    |                         ^^^^^^^^^^^

Warning (5667): Unused function parameter. Remove or comment out the variable name to silence this warning.
   --> contracts/CrapsBattle.sol:836:31:
    |
836 |     function setBattleCreator(address account, bool allowed) external {
    |                               ^^^^^^^^^^^^^^^

Warning (5667): Unused function parameter. Remove or comment out the variable name to silence this warning.
   --> contracts/CrapsBattle.sol:836:48:
    |
836 |     function setBattleCreator(address account, bool allowed) external {
    |                                                ^^^^^^^^^^^^

Warning (5667): Unused function parameter. Remove or comment out the variable name to silence this warning.
    --> contracts/CrapsBattle.sol:1231:34:
     |
1231 |     function convertNormalToHigh(uint32 id, uint32 highCount) external { _delegateJackpot(); }
     |                                  ^^^^^^^^^

Warning (5667): Unused function parameter. Remove or comment out the variable name to silence this warning.
    --> contracts/CrapsBattle.sol:1231:45:
     |
1231 |     function convertNormalToHigh(uint32 id, uint32 highCount) external { _delegateJackpot(); }
     |                                             ^^^^^^^^^^^^^^^^

Warning (5667): Unused function parameter. Remove or comment out the variable name to silence this warning.
    --> contracts/CrapsBattle.sol:1252:33:
     |
1252 |     function upgradeReservedDay(uint32 id, uint24 day) external { _delegateJackpot(); }
     |                                 ^^^^^^^^^

Warning (5667): Unused function parameter. Remove or comment out the variable name to silence this warning.
    --> contracts/CrapsBattle.sol:1252:44:
     |
1252 |     function upgradeReservedDay(uint32 id, uint24 day) external { _delegateJackpot(); }
     |                                            ^^^^^^^^^^

Warning (2072): Unused local variable.
    --> contracts/Coinflip.sol:1707:9:
     |
1707 |         address s = ContractAddresses.SDGNRS;
     |         ^^^^^^^^^

Warning (5667): Unused function parameter. Remove or comment out the variable name to silence this warning.
    --> contracts/DegenerusGame.sol:1399:13:
     |
1399 |             uint256 totalFaceWei,
     |             ^^^^^^^^^^^^^^^^^^^^

Warning (5667): Unused function parameter. Remove or comment out the variable name to silence this warning.
    --> contracts/DegenerusGame.sol:1400:13:
     |
1400 |             uint256 totalBudget,
     |             ^^^^^^^^^^^^^^^^^^^

Warning (5667): Unused function parameter. Remove or comment out the variable name to silence this warning.
    --> contracts/DegenerusGame.sol:1401:13:
     |
1401 |             uint256 ticketWei,
     |             ^^^^^^^^^^^^^^^^^

Warning (5667): Unused function parameter. Remove or comment out the variable name to silence this warning.
    --> contracts/DegenerusGame.sol:1402:13:
     |
1402 |             uint256 ethCashWei,
     |             ^^^^^^^^^^^^^^^^^^

Warning (5667): Unused function parameter. Remove or comment out the variable name to silence this warning.
    --> contracts/DegenerusGame.sol:1403:13:
     |
1403 |             uint256 flipTokens
     |             ^^^^^^^^^^^^^^^^^^

Warning (5667): Unused function parameter. Remove or comment out the variable name to silence this warning.
    --> contracts/DegenerusAffiliate.sol:1085:28:
     |
1085 |     function _payoutUpline(bytes32 code, uint32 ownerId, bool second, uint256 cache)
     |                            ^^^^^^^^^^^^

Warning (2072): Unused local variable.
   --> test/fuzz/BigRecordArming.t.sol:411:9:
    |
411 |         uint256 lrPacked = uint256(
    |         ^^^^^^^^^^^^^^^^

Warning (5667): Unused function parameter. Remove or comment out the variable name to silence this warning.
   --> test/helpers/BoxQueueHost.sol:114:21:
    |
114 |     function direct(address player, uint32 id, uint256 amount, uint256 rngWord) external {
    |                     ^^^^^^^^^^^^^^

Warning (5667): Unused function parameter. Remove or comment out the variable name to silence this warning.
   --> test/helpers/BoxQueueHost.sol:123:24:
    |
123 |     function afkingBox(address player, uint32 id, uint256 amount, uint24 day, uint256 rngWord) external {
    |                        ^^^^^^^^^^^^^^

Warning (5667): Unused function parameter. Remove or comment out the variable name to silence this warning.
   --> test/helpers/BoxQueueHost.sol:134:25:
    |
134 |     function redemption(address player, uint32 id, uint256 amount, uint256 rngWord, uint32 batchId)
    |                         ^^^^^^^^^^^^^^

Warning (6417): The constructor of the contract (or its base) uses inline assembly. Because of that, it might be that the deployed bytecode is different from type(...).runtimeCode.
  --> test/fuzz/LootboxPurchaseQueue.t.sol:81:32:
   |
81 |         vm.etch(address(game), type(QueueHost).runtimeCode);
   |                                ^^^^^^^^^^^^^^^^^^^^^^^^^^^

Warning (5667): Unused function parameter. Remove or comment out the variable name to silence this warning.
   --> test/fuzz/LootboxPurchaseQueue.t.sol:690:38:
    |
690 |     function _nonSpinWord(uint32 id, uint24 cur, uint256 salt) internal pure returns (uint256 w) {
    |                                      ^^^^^^^^^^

Warning (2018): Function state mutability can be restricted to pure
   --> contracts/modules/DegenerusGameMintStreakUtils.sol:183:5:
    |
183 |     function _quoteFarFutureSwap(
    |     ^ (Relevant source part starts here and spans across multiple lines).

Warning (2018): Function state mutability can be restricted to pure
   --> contracts/DegenerusRecordBounty.sol:441:5:
    |
441 |     function getApproved(uint256 tokenId) external view returns (address) {
    |     ^ (Relevant source part starts here and spans across multiple lines).

Warning (2018): Function state mutability can be restricted to pure
   --> contracts/CrapsBattle.sol:944:5:
    |
944 |     function _settlementOf(uint256 betId, uint256 header, Window memory w, uint256 word)
    |     ^ (Relevant source part starts here and spans across multiple lines).

Warning (2018): Function state mutability can be restricted to pure
    --> contracts/CrapsBattle.sol:1028:5:
     |
1028 |     function _windowTermsOn(uint24 day, uint256 period, uint256 word) internal view returns (Window memory w) {
     |     ^ (Relevant source part starts here and spans across multiple lines).

Warning (2018): Function state mutability can be restricted to pure
    --> contracts/JackpotBattle.sol:1086:5:
     |
1086 |     function _windowTermsOn(uint24 day, uint256 period, uint256 word) internal view returns (Window memory w) {
     |     ^ (Relevant source part starts here and spans across multiple lines).

Warning (2018): Function state mutability can be restricted to view
    --> contracts/DegenerusAffiliate.sol:1085:5:
     |
1085 |     function _payoutUpline(bytes32 code, uint32 ownerId, bool second, uint256 cache)
     |     ^ (Relevant source part starts here and spans across multiple lines).

Warning (2018): Function state mutability can be restricted to view
  --> test/fuzz/DegeneretteSingleSymbol.t.sol:77:5:
   |
77 |     function _resolve(address who, uint64 id, uint8 symbol, uint256 word)
   |     ^ (Relevant source part starts here and spans across multiple lines).

Warning (2018): Function state mutability can be restricted to view
   --> test/fuzz/DegeneretteBoonStake.t.sol:161:5:
    |
161 |     function _lastPackedStake(uint128) internal returns (uint256 stakePerSpin) {
    |     ^ (Relevant source part starts here and spans across multiple lines).

Warning (2018): Function state mutability can be restricted to view
   --> test/fuzz/BigRecordArming.t.sol:338:5:
    |
338 |     function _lastBetPacked() internal returns (uint256 packed) {
    |     ^ (Relevant source part starts here and spans across multiple lines).

Warning (2018): Function state mutability can be restricted to view
   --> test/fuzz/BigRecordArming.t.sol:352:5:
    |
352 |     function _sawRecordBoxSpin() internal returns (bool) {
    |     ^ (Relevant source part starts here and spans across multiple lines).

Warning (2018): Function state mutability can be restricted to view
   --> test/fuzz/DegeneretteV73SolvencyFuzz.t.sol:142:5:
    |
142 |     function _firstSpin() internal returns (uint8 score, uint8 wilds) {
    |     ^ (Relevant source part starts here and spans across multiple lines).

Warning (2018): Function state mutability can be restricted to view
   --> test/fuzz/LootboxPurchaseQueue.t.sol:161:5:
    |
161 |     function _assertSeeded(Vm.Log[] memory logs, uint48 tag, uint256 rootWord, uint32 id, uint256 boxes) internal {
    |     ^ (Relevant source part starts here and spans across multiple lines).


Ran 13 tests for test/fuzz/DegeneretteBoonStake.t.sol:DegeneretteBoonStake
[PASS] test_allSixTiersDecodeToTheirCurrencyAndBps() (gas: 1400832)
[PASS] test_approvedOperatorSpendsTheBoon() (gas: 543795)
[PASS] test_bonusIsSpreadAcrossSpinsNotAppliedPerSpin() (gas: 465768)
[PASS] test_boonIsSpentOnceThenGone() (gas: 569523)
[PASS] test_currencyLanesCoexistAndConsumeIndependently() (gas: 717814)
[PASS] test_deityGrantedBoonDiesAtMidnight() (gas: 479592)
[PASS] test_ethBoonBoostsPackedStakeButNotCollectedFunds() (gas: 471545)
[PASS] test_ethCapBindsAboveTenEth() (gas: 466699)
[PASS] test_flipCapBindsAboveHundredThousand() (gas: 318413)
[PASS] test_giftBetLeavesRecipientBoonUntouched() (gas: 662198)
[PASS] test_lootboxRolledBoonLivesTwoDaysThenExpires() (gas: 646099)
[PASS] test_mismatchedCurrencyLeavesBoonIntactForItsOwnBet() (gas: 650422)
[PASS] test_noBoonLeavesEveryCurrencyUnchanged() (gas: 565593)
Suite result: ok. 13 passed; 0 failed; 0 skipped; finished in 9.61ms (5.07ms CPU time)

Ran 10 tests for test/fuzz/PermissionlessGiftAndApproval.t.sol:PermissionlessGiftAndApproval
[PASS] testAffiliateBatchIsolatesIneligible() (gas: 139785)
[PASS] testAffiliateBlankArrayIsSelf() (gas: 49138)
[PASS] testApprovedOperatorSpendsPlayerFunds() (gas: 276301)
[PASS] testClaimBingoApprovedOperatorPassesGate() (gas: 317484)
[PASS] testClaimBingoSelfPassesGate() (gas: 265359)
[PASS] testClaimBingoThirdPartyPassesGate() (gas: 267213)
[PASS] testCoinflipDepositGiftNoDrain() (gas: 343288)
[PASS] testEthGiftFundedByCaller() (gas: 305322)
[PASS] testFlipGiftDebitsFunderNotPlayer() (gas: 360784)
[PASS] testWwxrpGiftReverts() (gas: 98296)
Suite result: ok. 10 passed; 0 failed; 0 skipped; finished in 9.69ms (4.35ms CPU time)

Ran 14 tests for test/fuzz/BigRecordArming.t.sol:BigRecordArmingTest
[PASS] testBoxClaimPaysFlipCreditNotBoxInflation() (gas: 1042013)
[PASS] testBoxFloorGatesTheArm() (gas: 910085)
[PASS] testBuyClaimLandsInBuyerStake() (gas: 1399508)
[PASS] testBuyClaimPaysFlipCredit() (gas: 1035257)
[PASS] testBuyFloorGatesTheArmAndUnitIsRawTickets() (gas: 723955)
[PASS] testFlipCurrencyBetNeverArms() (gas: 257702)
[PASS] testGiftedBetArms() (gas: 466632)
[PASS] testPreExistingBoxEthIsInvisible() (gas: 936460)
[PASS] testRatchetOnlyBetCarriesNoBounty() (gas: 596053)
[PASS] testSpinClaimRidesTheBetInsteadOfPayingCredit() (gas: 711247)
[PASS] testSpinClaimSpinsAtResolution() (gas: 1476064)
[PASS] testSpinFloorGatesTheArm() (gas: 494920)
[PASS] testSpinUnitIsBetTotal() (gas: 380362)
[PASS] testSplitBoxDepositsAreJudgedIndividually() (gas: 1108579)
Suite result: ok. 14 passed; 0 failed; 0 skipped; finished in 12.11ms (5.85ms CPU time)

Ran 27 tests for test/fuzz/LootboxPurchaseQueue.t.sol:LootboxPurchaseQueueTest
[PASS] test_Amounts_ExactGweiChargeAndLargeBox() (gas: 1369282)
[PASS] test_Amounts_MaximumEncodedSizeStoredExactly() (gas: 658516)
[PASS] test_Appends_SameWalletTwiceIsTwoEntries() (gas: 758847)
[PASS] test_Appends_SealedBufferUntouchedAndReuse() (gas: 1764272)
[PASS] test_Counters_FoilWriteCount() (gas: 595369)
[PASS] test_Counters_LatchAtSealAndBetView() (gas: 1279056)
[PASS] test_Grants_CoversAndPassBundles() (gas: 4449590)
[PASS] test_Lifecycle_AtMostOnceEmptyAndDeferredCompletion() (gas: 1133101)
[PASS] test_Lifecycle_AtomicMixedLegRevert() (gas: 1354748)
[PASS] test_Lifecycle_CursorStoredBeforeRewards() (gas: 2491630)
[PASS] test_Lifecycle_NoOpeningBeforePublication() (gas: 731202)
[PASS] test_Lifecycle_TerminalStopsBoxWork() (gas: 584361)
[PASS] test_Modifiers_BoostOnceAndDistressToggle() (gas: 1503130)
[PASS] test_Modifiers_ScorePerPurchase() (gas: 727184)
[PASS] test_Modifiers_SharedEvAllowanceAcrossEntries() (gas: 760758)
[PASS] test_Packing_FieldsTileWithoutOverlap() (gas: 8267)
[PASS] test_Packing_InputCodecBounds() (gas: 120703)
[PASS] test_Presale_OneWeiCloseAndRemainderAfterEarlierBoxes() (gas: 1633070)
[PASS] test_Presale_RepeatPurchasesAndShortfallRollback() (gas: 902619)
[PASS] test_Presale_SameCallSharesOneEntry() (gas: 819586)
[PASS] test_Presale_TierBoundaries() (gas: 2449163)
[PASS] test_Seeds_NoAddressInput() (gas: 1087624)
[PASS] test_Seeds_PauseResumeInvariance() (gas: 3423389)
[PASS] test_Seeds_QueuedRootsAtTwoPositions() (gas: 1579756)
[PASS] test_Seeds_RepeatedPhysicalIndexLaterCohort() (gas: 1701985)
[PASS] test_Seeds_SingleBoxResolversUseWalletId() (gas: 910165)
[PASS] test_Seeds_WalletIdBounds() (gas: 1785527)
Suite result: ok. 27 passed; 0 failed; 0 skipped; finished in 111.26ms (34.07ms CPU time)

Ran 2 tests for test/fuzz/DegeneretteV73SolvencyFuzz.t.sol:DegeneretteV73SolvencyFuzz
[PASS] testFuzz_v73_automaticWwxrpRig(uint8,uint256) (runs: 400, μ: 75885, ~: 75682)
[PASS] testFuzz_v73_manualFlipSolvency(uint8,uint256) (runs: 400, μ: 413256, ~: 409343)
Suite result: ok. 2 passed; 0 failed; 0 skipped; finished in 127.56ms (226.88ms CPU time)

Ran 3 tests for test/fuzz/WalletIdEntropyDegenerette.t.sol:WalletIdEntropyDegeneretteTest
[PASS] test_LoserOnWalletIdSeedPaysNothing() (gas: 654187)
[PASS] test_RecordSpinSeedTakesTheWalletId() (gas: 109206301)
[PASS] test_SurvivorDoublesAndRoundsOnWalletIdSeeds() (gas: 1166043)
Suite result: ok. 3 passed; 0 failed; 0 skipped; finished in 171.25ms (165.40ms CPU time)

Ran 15 tests for test/fuzz/DegeneretteSingleSymbol.t.sol:DegeneretteSingleSymbolTest
[PASS] testAllAxesAllHeroesAndWildsAgainstIndependentScoreAndRig() (gas: 553482373)
[PASS] testAutomaticFlipReelsExposeHeroAndUseIndependentColorsAndSharedMath() (gas: 371208)
[PASS] testAutomaticFlipRejectsOversizedPerSpinStakeWithoutTruncation() (gas: 63462)
[PASS] testAutomaticWwxrpHashesItsSeedAndScoresTheRiggedReel() (gas: 4789396)
[PASS] testDiceBetsRejectAtomicallyForEveryCurrencyAndFundingRoute() (gas: 6057640)
[PASS] testDifferentHeroesRerollRemainingTicketButShareHouse() (gas: 3439545)
[PASS] testFuzzPayoutBoundsAndWwxrpBonusTiers(uint128,uint8,uint8,uint16) (runs: 1000, μ: 29342, ~: 30287)
[PASS] testHeroIsStoredOnlyInTheSelectedSymbol() (gas: 791583)
[PASS] testHouseProducerAllColorSymbolPairsAndWildNibble() (gas: 4975022)
[PASS] testInvalidSymbolRejectedAndNewBetJoinsUnrevealedWriteCohort() (gas: 552559)
[PASS] testNaturalEthJackpotCapsCashAndResolvesOverflow() (gas: 669025)
[PASS] testNaturalWwxrpJackpotPaysTokens() (gas: 82708)
[PASS] testSharedHeroTicketsAndPrefixAcrossPlayersBetsStakesAndEthFlip() (gas: 2278759)
[PASS] testUnsupportedCurrenciesRejectAtomicallyForEveryFundingRoute() (gas: 1389295)
[PASS] testWildScoringAndNoGoldPremium() (gas: 27627)
Suite result: ok. 15 passed; 0 failed; 0 skipped; finished in 465.23ms (565.66ms CPU time)

Ran 7 test suites in 465.68ms (906.71ms CPU time): 84 tests passed, 0 failed, 0 skipped (84 total tests)
