Warning: This is a nightly build of Foundry. It is recommended to use the latest stable version. To mute this warning set `FOUNDRY_DISABLE_NIGHTLY_WARNING` in your environment.

Compiling 3 files with Solc 0.8.34
Solc 0.8.34 finished in 45.98s
Compiler run successful with warnings:
Warning (2519): This declaration shadows an existing declaration.
  --> contracts/libraries/MineFlipGas.sol:59:9:
   |
59 |         uint256 available = gasleft();
   |         ^^^^^^^^^^^^^^^^^
Note: The shadowed declaration is here:
  --> contracts/libraries/MineFlipGas.sol:29:5:
   |
29 |     function available() internal view returns (uint256) {
   |     ^ (Relevant source part starts here and spans across multiple lines).

Warning (2519): This declaration shadows an existing declaration.
    --> contracts/storage/DegenerusGameStorage.sol:3460:43:
     |
3460 |     function _lootboxEvUsedFor(uint32 id, uint24 level)
     |                                           ^^^^^^^^^^^^
Note: The shadowed declaration is here:
   --> contracts/storage/DegenerusGameStorage.sol:378:5:
    |
378 |     uint24 public level = 0;
    |     ^^^^^^^^^^^^^^^^^^^^^^^

Warning (2519): This declaration shadows an existing declaration.
    --> contracts/storage/DegenerusGameStorage.sol:3476:9:
     |
3476 |         uint24 level,
     |         ^^^^^^^^^^^^
Note: The shadowed declaration is here:
   --> contracts/storage/DegenerusGameStorage.sol:378:5:
    |
378 |     uint24 public level = 0;
    |     ^^^^^^^^^^^^^^^^^^^^^^^

Warning (2519): This declaration shadows an existing declaration.
    --> contracts/storage/DegenerusGameStorage.sol:3635:41:
     |
3635 |     function _centuryUsedFor(uint32 id, uint256 level) internal view returns (uint256) {
     |                                         ^^^^^^^^^^^^^
Note: The shadowed declaration is here:
   --> contracts/storage/DegenerusGameStorage.sol:378:5:
    |
378 |     uint24 public level = 0;
    |     ^^^^^^^^^^^^^^^^^^^^^^^

Warning (2519): This declaration shadows an existing declaration.
    --> contracts/storage/DegenerusGameStorage.sol:3641:44:
     |
3641 |     function _setCenturyUsedFor(uint32 id, uint256 level, uint256 used) internal {
     |                                            ^^^^^^^^^^^^^
Note: The shadowed declaration is here:
   --> contracts/storage/DegenerusGameStorage.sol:378:5:
    |
378 |     uint24 public level = 0;
    |     ^^^^^^^^^^^^^^^^^^^^^^^

Warning (2519): This declaration shadows an existing declaration.
  --> contracts/libraries/TicketEntropy.sol:32:54:
   |
32 |     function identity(uint24 queueKey, uint24 level, uint256 queueIndex, uint32 walletId)
   |                                                      ^^^^^^^^^^^^^^^^^^
Note: The shadowed declaration is here:
  --> contracts/libraries/TicketEntropy.sol:23:5:
   |
23 |     function queueIndex(uint256 logical, uint256 start, uint256 total) internal pure returns (uint256 physical) {
   |     ^ (Relevant source part starts here and spans across multiple lines).

Warning (2519): This declaration shadows an existing declaration.
   --> contracts/DegenerusVault.sol:715:9:
    |
715 |         uint8 symbol,
    |         ^^^^^^^^^^^^
Note: The shadowed declaration is here:
   --> contracts/DegenerusVault.sol:512:5:
    |
512 |     string public constant symbol = "DGV";
    |     ^^^^^^^^^^^^^^^^^^^^^^^^^^^^^^^^^^^^^

Warning (3149): The result type of the shift operation is equal to the type of the first operand (uint80) ignoring the (larger) type of the second operand (uint256) which might be unexpected. Silence this warning by either converting the first or the second operand to the type of the other.
    --> contracts/storage/DegenerusGameStorage.sol:1232:22:
     |
1232 |             packed = uint80(id) << OWNER_IDX_SHIFT;
     |                      ^^^^^^^^^^^^^^^^^^^^^^^^^^^^^

Warning (3149): The result type of the shift operation is equal to the type of the first operand (uint80) ignoring the (larger) type of the second operand (uint256) which might be unexpected. Silence this warning by either converting the first or the second operand to the type of the other.
    --> contracts/storage/DegenerusGameStorage.sol:1301:22:
     |
1301 |             packed = uint80(id) << OWNER_IDX_SHIFT;
     |                      ^^^^^^^^^^^^^^^^^^^^^^^^^^^^^

Warning (3149): The result type of the shift operation is equal to the type of the first operand (uint80) ignoring the (larger) type of the second operand (uint256) which might be unexpected. Silence this warning by either converting the first or the second operand to the type of the other.
    --> contracts/storage/DegenerusGameStorage.sol:1368:25:
     |
1368 |         uint80 idBits = uint80(id) << OWNER_IDX_SHIFT;
     |                         ^^^^^^^^^^^^^^^^^^^^^^^^^^^^^

Warning (3149): The result type of the shift operation is equal to the type of the first operand (uint80) ignoring the (larger) type of the second operand (uint256) which might be unexpected. Silence this warning by either converting the first or the second operand to the type of the other.
    --> contracts/storage/DegenerusGameStorage.sol:1808:25:
     |
1808 |                 return (uint80(id) << OWNER_IDX_SHIFT) | uint80((lane & 0x3fffffff) << 8)
     |                         ^^^^^^^^^^^^^^^^^^^^^^^^^^^^^

Warning (3149): The result type of the shift operation is equal to the type of the first operand (uint80) ignoring the (larger) type of the second operand (uint256) which might be unexpected. Silence this warning by either converting the first or the second operand to the type of the other.
    --> contracts/modules/DegenerusGameWhaleModule.sol:1014:26:
     |
1014 |                 packed = uint80(id) << OWNER_IDX_SHIFT;
     |                          ^^^^^^^^^^^^^^^^^^^^^^^^^^^^^

Warning (3149): The result type of the shift operation is equal to the type of the first operand (uint64) ignoring the (larger) type of the second operand (uint256) which might be unexpected. Silence this warning by either converting the first or the second operand to the type of the other.
   --> contracts/modules/DegenerusGameDecimatorModule.sol:262:24:
    |
262 |             weights |= uint64(weight) << (uint256(q) * 16);
    |                        ^^^^^^^^^^^^^^^^^^^^^^^^^^^^^^^^^^^

Warning (3149): The result type of the shift operation is equal to the type of the first operand (uint80) ignoring the (larger) type of the second operand (uint256) which might be unexpected. Silence this warning by either converting the first or the second operand to the type of the other.
  --> contracts/modules/DegenerusGameFoilPackModule.sol:93:26:
   |
93 |                 packed = uint80(id) << OWNER_IDX_SHIFT;
   |                          ^^^^^^^^^^^^^^^^^^^^^^^^^^^^^

Warning (3149): The result type of the shift operation is equal to the type of the first operand (uint32) ignoring the (larger) type of the second operand (uint256) which might be unexpected. Silence this warning by either converting the first or the second operand to the type of the other.
    --> contracts/Coinflip.sol:1567:32:
     |
1567 |             bool win = wins & (uint32(1) << offset) != 0;
     |                                ^^^^^^^^^^^^^^^^^^^

Warning (3149): The result type of the shift operation is equal to the type of the first operand (uint128) ignoring the (larger) type of the second operand (uint256) which might be unexpected. Silence this warning by either converting the first or the second operand to the type of the other.
    --> contracts/sDGNRS.sol:1326:44:
     |
1326 |             players.push(uint128(units) | (uint128(walletId) << BATCH_PLAYER_ID_SHIFT)
     |                                            ^^^^^^^^^^^^^^^^^^^^^^^^^^^^^^^^^^^^^^^^^^

Warning (3149): The result type of the shift operation is equal to the type of the first operand (uint128) ignoring the (larger) type of the second operand (uint256) which might be unexpected. Silence this warning by either converting the first or the second operand to the type of the other.
    --> contracts/sDGNRS.sol:1327:20:
     |
1327 |                 | (uint128(uint16(score) + 1) << BATCH_PLAYER_SCORE_SHIFT));
     |                    ^^^^^^^^^^^^^^^^^^^^^^^^^^^^^^^^^^^^^^^^^^^^^^^^^^^^^^

Warning (5667): Unused function parameter. Remove or comment out the variable name to silence this warning.
   --> contracts/modules/DegenerusGameGameOverModule.sol:610:36:
    |
610 |     function _resumeTerminalPayout(uint24 day, MineFlipGas.Meter memory meter, TerminalWork memory work) private returns (bool done) {
    |                                    ^^^^^^^^^^

Warning (5667): Unused function parameter. Remove or comment out the variable name to silence this warning.
   --> contracts/CrapsBattle.sol:765:9:
    |
765 |         uint32 played,
    |         ^^^^^^^^^^^^^

Warning (5667): Unused function parameter. Remove or comment out the variable name to silence this warning.
   --> contracts/CrapsBattle.sol:766:9:
    |
766 |         uint8 bankMult,
    |         ^^^^^^^^^^^^^^

Warning (5667): Unused function parameter. Remove or comment out the variable name to silence this warning.
   --> contracts/CrapsBattle.sol:767:9:
    |
767 |         uint16 goalMult,
    |         ^^^^^^^^^^^^^^^

Warning (5667): Unused function parameter. Remove or comment out the variable name to silence this warning.
   --> contracts/CrapsBattle.sol:768:9:
    |
768 |         uint24 stakeUnits,
    |         ^^^^^^^^^^^^^^^^^

Warning (5667): Unused function parameter. Remove or comment out the variable name to silence this warning.
   --> contracts/CrapsBattle.sol:769:9:
    |
769 |         uint40 closeTime,
    |         ^^^^^^^^^^^^^^^^

Warning (5667): Unused function parameter. Remove or comment out the variable name to silence this warning.
   --> contracts/CrapsBattle.sol:770:9:
    |
770 |         bool multiEntry,
    |         ^^^^^^^^^^^^^^^

Warning (5667): Unused function parameter. Remove or comment out the variable name to silence this warning.
   --> contracts/CrapsBattle.sol:771:9:
    |
771 |         uint16 highRollerMult
    |         ^^^^^^^^^^^^^^^^^^^^^

Warning (5667): Unused function parameter. Remove or comment out the variable name to silence this warning.
   --> contracts/CrapsBattle.sol:772:25:
    |
772 |     ) external returns (uint64 slot) {
    |                         ^^^^^^^^^^^

Warning (5667): Unused function parameter. Remove or comment out the variable name to silence this warning.
   --> contracts/CrapsBattle.sol:836:31:
    |
836 |     function setBattleCreator(address account, bool allowed) external {
    |                               ^^^^^^^^^^^^^^^

Warning (5667): Unused function parameter. Remove or comment out the variable name to silence this warning.
   --> contracts/CrapsBattle.sol:836:48:
    |
836 |     function setBattleCreator(address account, bool allowed) external {
    |                                                ^^^^^^^^^^^^

Warning (5667): Unused function parameter. Remove or comment out the variable name to silence this warning.
    --> contracts/CrapsBattle.sol:1231:34:
     |
1231 |     function convertNormalToHigh(uint32 id, uint32 highCount) external { _delegateJackpot(); }
     |                                  ^^^^^^^^^

Warning (5667): Unused function parameter. Remove or comment out the variable name to silence this warning.
    --> contracts/CrapsBattle.sol:1231:45:
     |
1231 |     function convertNormalToHigh(uint32 id, uint32 highCount) external { _delegateJackpot(); }
     |                                             ^^^^^^^^^^^^^^^^

Warning (5667): Unused function parameter. Remove or comment out the variable name to silence this warning.
    --> contracts/CrapsBattle.sol:1252:33:
     |
1252 |     function upgradeReservedDay(uint32 id, uint24 day) external { _delegateJackpot(); }
     |                                 ^^^^^^^^^

Warning (5667): Unused function parameter. Remove or comment out the variable name to silence this warning.
    --> contracts/CrapsBattle.sol:1252:44:
     |
1252 |     function upgradeReservedDay(uint32 id, uint24 day) external { _delegateJackpot(); }
     |                                            ^^^^^^^^^^

Warning (2072): Unused local variable.
    --> contracts/Coinflip.sol:1707:9:
     |
1707 |         address s = ContractAddresses.SDGNRS;
     |         ^^^^^^^^^

Warning (5667): Unused function parameter. Remove or comment out the variable name to silence this warning.
    --> contracts/DegenerusGame.sol:1399:13:
     |
1399 |             uint256 totalFaceWei,
     |             ^^^^^^^^^^^^^^^^^^^^

Warning (5667): Unused function parameter. Remove or comment out the variable name to silence this warning.
    --> contracts/DegenerusGame.sol:1400:13:
     |
1400 |             uint256 totalBudget,
     |             ^^^^^^^^^^^^^^^^^^^

Warning (5667): Unused function parameter. Remove or comment out the variable name to silence this warning.
    --> contracts/DegenerusGame.sol:1401:13:
     |
1401 |             uint256 ticketWei,
     |             ^^^^^^^^^^^^^^^^^

Warning (5667): Unused function parameter. Remove or comment out the variable name to silence this warning.
    --> contracts/DegenerusGame.sol:1402:13:
     |
1402 |             uint256 ethCashWei,
     |             ^^^^^^^^^^^^^^^^^^

Warning (5667): Unused function parameter. Remove or comment out the variable name to silence this warning.
    --> contracts/DegenerusGame.sol:1403:13:
     |
1403 |             uint256 flipTokens
     |             ^^^^^^^^^^^^^^^^^^

Warning (5667): Unused function parameter. Remove or comment out the variable name to silence this warning.
    --> contracts/DegenerusAffiliate.sol:1085:28:
     |
1085 |     function _payoutUpline(bytes32 code, uint32 ownerId, bool second, uint256 cache)
     |                            ^^^^^^^^^^^^

Warning (2018): Function state mutability can be restricted to pure
   --> contracts/modules/DegenerusGameMintStreakUtils.sol:183:5:
    |
183 |     function _quoteFarFutureSwap(
    |     ^ (Relevant source part starts here and spans across multiple lines).

Warning (2018): Function state mutability can be restricted to pure
   --> contracts/DegenerusRecordBounty.sol:441:5:
    |
441 |     function getApproved(uint256 tokenId) external view returns (address) {
    |     ^ (Relevant source part starts here and spans across multiple lines).

Warning (2018): Function state mutability can be restricted to pure
   --> contracts/CrapsBattle.sol:944:5:
    |
944 |     function _settlementOf(uint256 betId, uint256 header, Window memory w, uint256 word)
    |     ^ (Relevant source part starts here and spans across multiple lines).

Warning (2018): Function state mutability can be restricted to pure
    --> contracts/CrapsBattle.sol:1028:5:
     |
1028 |     function _windowTermsOn(uint24 day, uint256 period, uint256 word) internal view returns (Window memory w) {
     |     ^ (Relevant source part starts here and spans across multiple lines).

Warning (2018): Function state mutability can be restricted to pure
    --> contracts/JackpotBattle.sol:1086:5:
     |
1086 |     function _windowTermsOn(uint24 day, uint256 period, uint256 word) internal view returns (Window memory w) {
     |     ^ (Relevant source part starts here and spans across multiple lines).

Warning (2018): Function state mutability can be restricted to view
    --> contracts/DegenerusAffiliate.sol:1085:5:
     |
1085 |     function _payoutUpline(bytes32 code, uint32 ownerId, bool second, uint256 cache)
     |     ^ (Relevant source part starts here and spans across multiple lines).


Ran 1 test for test/fuzz/IdEntryPacking.t.sol:IdEntryPackingTest
[PASS] testFuzz_PairsRoundTripAndUpdatesPreserveSibling(uint32,uint96,uint64) (runs: 1000, μ: 311696, ~: 311654)
Suite result: ok. 1 passed; 0 failed; 0 skipped; finished in 20.80ms (20.55ms CPU time)

Ran 6 tests for test/gas/IdPackingLifecycleGas.t.sol:IdPackingLifecycleGasTest
[PASS] test_CrapsOneFreshAndReused() (gas: 8868541)
Logs:
  craps-one-fresh-place-1: 190951
  craps-one-fresh-amend: 51110
  craps-one-fresh-resolve-window-1: 427183
  craps-one-fresh-resolve-window-2: 352040
  craps-one-fresh-resolve-window-3: 295348
  craps-one-fresh-resolve-window-4: 342134
  craps-one-fresh-resolve-window-5: 275337
  craps-one-fresh-lifecycle: 1934103
  craps-one-reused-place-1: 119306
  craps-one-reused-amend: 51196
  craps-one-reused-resolve-window-1: 429248
  craps-one-reused-resolve-window-2: 284707
  craps-one-reused-resolve-window-3: 337806
  craps-one-reused-resolve-window-4: 297708
  craps-one-reused-resolve-window-5: 369404
  craps-one-reused-lifecycle: 1889375

[PASS] test_CrapsThreeFreshAndReused() (gas: 10596166)
Logs:
  craps-three-fresh-place-1: 190951
  craps-three-fresh-place-2: 156824
  craps-three-fresh-place-3: 156824
  craps-three-fresh-amend: 51110
  craps-three-fresh-resolve-window-1: 558660
  craps-three-fresh-resolve-window-2: 472350
  craps-three-fresh-resolve-window-3: 399322
  craps-three-fresh-resolve-window-4: 477378
  craps-three-fresh-resolve-window-5: 353344
  craps-three-fresh-lifecycle: 2816763
  craps-three-reused-place-1: 119306
  craps-three-reused-place-2: 94858
  craps-three-reused-place-3: 94858
  craps-three-reused-amend: 51196
  craps-three-reused-resolve-window-1: 597524
  craps-three-reused-resolve-window-2: 364893
  craps-three-reused-resolve-window-3: 478384
  craps-three-reused-resolve-window-4: 372044
  craps-three-reused-resolve-window-5: 487708
  craps-three-reused-lifecycle: 2660771

[PASS] test_DecimatorBurnsAndTopup() (gas: 635235)
Logs:
  dec-burn-1: 158752
  dec-burn-2: 141652
  dec-burn-3: 158752
  dec-topup: 101420

[PASS] test_DegeneretteOneFreshAndReused() (gas: 534405)
Logs:
  deg-one-fresh-place-1: 117560
  deg-one-fresh-resolve: 111840
  deg-one-fresh-lifecycle: 229400
  deg-one-reused-place-1: 77326
  deg-one-reused-resolve: 111840
  deg-one-reused-lifecycle: 189166

[PASS] test_DegeneretteThirtyTwoFreshAndReused() (gas: 6953228)
Logs:
  deg-32-fresh-place-1: 117560
  deg-32-fresh-place-2: 80126
  deg-32-fresh-place-3: 97226
  deg-32-fresh-place-4: 80126
  deg-32-fresh-place-5: 97226
  deg-32-fresh-place-6: 80126
  deg-32-fresh-place-7: 97226
  deg-32-fresh-place-8: 80126
  deg-32-fresh-place-9: 97226
  deg-32-fresh-place-10: 80126
  deg-32-fresh-place-11: 97226
  deg-32-fresh-place-12: 80126
  deg-32-fresh-place-13: 97226
  deg-32-fresh-place-14: 80126
  deg-32-fresh-place-15: 97226
  deg-32-fresh-place-16: 80126
  deg-32-fresh-place-17: 97226
  deg-32-fresh-place-18: 80126
  deg-32-fresh-place-19: 97226
  deg-32-fresh-place-20: 80126
  deg-32-fresh-place-21: 97226
  deg-32-fresh-place-22: 80126
  deg-32-fresh-place-23: 97226
  deg-32-fresh-place-24: 80126
  deg-32-fresh-place-25: 97226
  deg-32-fresh-place-26: 80126
  deg-32-fresh-place-27: 97226
  deg-32-fresh-place-28: 80126
  deg-32-fresh-place-29: 97226
  deg-32-fresh-place-30: 80126
  deg-32-fresh-place-31: 97226
  deg-32-fresh-place-32: 80126
  deg-32-fresh-resolve: 391976
  deg-32-fresh-lifecycle: 3249942
  deg-32-reused-place-1: 77326
  deg-32-reused-place-2: 77326
  deg-32-reused-place-3: 77326
  deg-32-reused-place-4: 77326
  deg-32-reused-place-5: 77326
  deg-32-reused-place-6: 77326
  deg-32-reused-place-7: 77326
  deg-32-reused-place-8: 77326
  deg-32-reused-place-9: 77326
  deg-32-reused-place-10: 77326
  deg-32-reused-place-11: 77326
  deg-32-reused-place-12: 77326
  deg-32-reused-place-13: 77326
  deg-32-reused-place-14: 77326
  deg-32-reused-place-15: 77326
  deg-32-reused-place-16: 77326
  deg-32-reused-place-17: 77326
  deg-32-reused-place-18: 77326
  deg-32-reused-place-19: 77326
  deg-32-reused-place-20: 77326
  deg-32-reused-place-21: 77326
  deg-32-reused-place-22: 77326
  deg-32-reused-place-23: 77326
  deg-32-reused-place-24: 77326
  deg-32-reused-place-25: 77326
  deg-32-reused-place-26: 77326
  deg-32-reused-place-27: 77326
  deg-32-reused-place-28: 77326
  deg-32-reused-place-29: 77326
  deg-32-reused-place-30: 77326
  deg-32-reused-place-31: 77326
  deg-32-reused-place-32: 77326
  deg-32-reused-resolve: 391976
  deg-32-reused-lifecycle: 2866408

[PASS] test_DegeneretteThreeFreshAndReused() (gas: 948844)
Logs:
  deg-three-fresh-place-1: 117560
  deg-three-fresh-place-2: 80126
  deg-three-fresh-place-3: 97226
  deg-three-fresh-resolve: 129956
  deg-three-fresh-lifecycle: 424868
  deg-three-reused-place-1: 77326
  deg-three-reused-place-2: 77326
  deg-three-reused-place-3: 77326
  deg-three-reused-resolve: 129956
  deg-three-reused-lifecycle: 361934

Suite result: ok. 6 passed; 0 failed; 0 skipped; finished in 27.74ms (36.93ms CPU time)

Ran 2 test suites in 28.32ms (48.55ms CPU time): 7 tests passed, 0 failed, 0 skipped (7 total tests)
