Warning: This is a nightly build of Foundry. It is recommended to use the latest stable version. To mute this warning set `FOUNDRY_DISABLE_NIGHTLY_WARNING` in your environment.

Compiling 3 files with Solc 0.8.34
Solc 0.8.34 finished in 52.86s
Compiler run successful with warnings:
Warning (2519): This declaration shadows an existing declaration.
  --> contracts/libraries/MineFlipGas.sol:59:9:
   |
59 |         uint256 available = gasleft();
   |         ^^^^^^^^^^^^^^^^^
Note: The shadowed declaration is here:
  --> contracts/libraries/MineFlipGas.sol:29:5:
   |
29 |     function available() internal view returns (uint256) {
   |     ^ (Relevant source part starts here and spans across multiple lines).

Warning (2519): This declaration shadows an existing declaration.
    --> contracts/storage/DegenerusGameStorage.sol:3460:43:
     |
3460 |     function _lootboxEvUsedFor(uint32 id, uint24 level)
     |                                           ^^^^^^^^^^^^
Note: The shadowed declaration is here:
   --> contracts/storage/DegenerusGameStorage.sol:378:5:
    |
378 |     uint24 public level = 0;
    |     ^^^^^^^^^^^^^^^^^^^^^^^

Warning (2519): This declaration shadows an existing declaration.
    --> contracts/storage/DegenerusGameStorage.sol:3476:9:
     |
3476 |         uint24 level,
     |         ^^^^^^^^^^^^
Note: The shadowed declaration is here:
   --> contracts/storage/DegenerusGameStorage.sol:378:5:
    |
378 |     uint24 public level = 0;
    |     ^^^^^^^^^^^^^^^^^^^^^^^

Warning (2519): This declaration shadows an existing declaration.
    --> contracts/storage/DegenerusGameStorage.sol:3635:41:
     |
3635 |     function _centuryUsedFor(uint32 id, uint256 level) internal view returns (uint256) {
     |                                         ^^^^^^^^^^^^^
Note: The shadowed declaration is here:
   --> contracts/storage/DegenerusGameStorage.sol:378:5:
    |
378 |     uint24 public level = 0;
    |     ^^^^^^^^^^^^^^^^^^^^^^^

Warning (2519): This declaration shadows an existing declaration.
    --> contracts/storage/DegenerusGameStorage.sol:3641:44:
     |
3641 |     function _setCenturyUsedFor(uint32 id, uint256 level, uint256 used) internal {
     |                                            ^^^^^^^^^^^^^
Note: The shadowed declaration is here:
   --> contracts/storage/DegenerusGameStorage.sol:378:5:
    |
378 |     uint24 public level = 0;
    |     ^^^^^^^^^^^^^^^^^^^^^^^

Warning (2519): This declaration shadows an existing declaration.
  --> contracts/libraries/TicketEntropy.sol:32:54:
   |
32 |     function identity(uint24 queueKey, uint24 level, uint256 queueIndex, uint32 walletId)
   |                                                      ^^^^^^^^^^^^^^^^^^
Note: The shadowed declaration is here:
  --> contracts/libraries/TicketEntropy.sol:23:5:
   |
23 |     function queueIndex(uint256 logical, uint256 start, uint256 total) internal pure returns (uint256 physical) {
   |     ^ (Relevant source part starts here and spans across multiple lines).

Warning (2519): This declaration shadows an existing declaration.
   --> contracts/DegenerusVault.sol:715:9:
    |
715 |         uint8 symbol,
    |         ^^^^^^^^^^^^
Note: The shadowed declaration is here:
   --> contracts/DegenerusVault.sol:512:5:
    |
512 |     string public constant symbol = "DGV";
    |     ^^^^^^^^^^^^^^^^^^^^^^^^^^^^^^^^^^^^^

Warning (3149): The result type of the shift operation is equal to the type of the first operand (uint80) ignoring the (larger) type of the second operand (uint256) which might be unexpected. Silence this warning by either converting the first or the second operand to the type of the other.
    --> contracts/storage/DegenerusGameStorage.sol:1232:22:
     |
1232 |             packed = uint80(id) << OWNER_IDX_SHIFT;
     |                      ^^^^^^^^^^^^^^^^^^^^^^^^^^^^^

Warning (3149): The result type of the shift operation is equal to the type of the first operand (uint80) ignoring the (larger) type of the second operand (uint256) which might be unexpected. Silence this warning by either converting the first or the second operand to the type of the other.
    --> contracts/storage/DegenerusGameStorage.sol:1301:22:
     |
1301 |             packed = uint80(id) << OWNER_IDX_SHIFT;
     |                      ^^^^^^^^^^^^^^^^^^^^^^^^^^^^^

Warning (3149): The result type of the shift operation is equal to the type of the first operand (uint80) ignoring the (larger) type of the second operand (uint256) which might be unexpected. Silence this warning by either converting the first or the second operand to the type of the other.
    --> contracts/storage/DegenerusGameStorage.sol:1368:25:
     |
1368 |         uint80 idBits = uint80(id) << OWNER_IDX_SHIFT;
     |                         ^^^^^^^^^^^^^^^^^^^^^^^^^^^^^

Warning (3149): The result type of the shift operation is equal to the type of the first operand (uint80) ignoring the (larger) type of the second operand (uint256) which might be unexpected. Silence this warning by either converting the first or the second operand to the type of the other.
    --> contracts/storage/DegenerusGameStorage.sol:1808:25:
     |
1808 |                 return (uint80(id) << OWNER_IDX_SHIFT) | uint80((lane & 0x3fffffff) << 8)
     |                         ^^^^^^^^^^^^^^^^^^^^^^^^^^^^^

Warning (3149): The result type of the shift operation is equal to the type of the first operand (uint80) ignoring the (larger) type of the second operand (uint256) which might be unexpected. Silence this warning by either converting the first or the second operand to the type of the other.
    --> contracts/modules/DegenerusGameWhaleModule.sol:1014:26:
     |
1014 |                 packed = uint80(id) << OWNER_IDX_SHIFT;
     |                          ^^^^^^^^^^^^^^^^^^^^^^^^^^^^^

Warning (3149): The result type of the shift operation is equal to the type of the first operand (uint64) ignoring the (larger) type of the second operand (uint256) which might be unexpected. Silence this warning by either converting the first or the second operand to the type of the other.
   --> contracts/modules/DegenerusGameDecimatorModule.sol:262:24:
    |
262 |             weights |= uint64(weight) << (uint256(q) * 16);
    |                        ^^^^^^^^^^^^^^^^^^^^^^^^^^^^^^^^^^^

Warning (3149): The result type of the shift operation is equal to the type of the first operand (uint80) ignoring the (larger) type of the second operand (uint256) which might be unexpected. Silence this warning by either converting the first or the second operand to the type of the other.
  --> contracts/modules/DegenerusGameFoilPackModule.sol:93:26:
   |
93 |                 packed = uint80(id) << OWNER_IDX_SHIFT;
   |                          ^^^^^^^^^^^^^^^^^^^^^^^^^^^^^

Warning (3149): The result type of the shift operation is equal to the type of the first operand (uint32) ignoring the (larger) type of the second operand (uint256) which might be unexpected. Silence this warning by either converting the first or the second operand to the type of the other.
    --> contracts/Coinflip.sol:1567:32:
     |
1567 |             bool win = wins & (uint32(1) << offset) != 0;
     |                                ^^^^^^^^^^^^^^^^^^^

Warning (3149): The result type of the shift operation is equal to the type of the first operand (uint128) ignoring the (larger) type of the second operand (uint256) which might be unexpected. Silence this warning by either converting the first or the second operand to the type of the other.
    --> contracts/sDGNRS.sol:1326:44:
     |
1326 |             players.push(uint128(units) | (uint128(walletId) << BATCH_PLAYER_ID_SHIFT)
     |                                            ^^^^^^^^^^^^^^^^^^^^^^^^^^^^^^^^^^^^^^^^^^

Warning (3149): The result type of the shift operation is equal to the type of the first operand (uint128) ignoring the (larger) type of the second operand (uint256) which might be unexpected. Silence this warning by either converting the first or the second operand to the type of the other.
    --> contracts/sDGNRS.sol:1327:20:
     |
1327 |                 | (uint128(uint16(score) + 1) << BATCH_PLAYER_SCORE_SHIFT));
     |                    ^^^^^^^^^^^^^^^^^^^^^^^^^^^^^^^^^^^^^^^^^^^^^^^^^^^^^^

Warning (5667): Unused function parameter. Remove or comment out the variable name to silence this warning.
   --> contracts/modules/DegenerusGameGameOverModule.sol:610:36:
    |
610 |     function _resumeTerminalPayout(uint24 day, MineFlipGas.Meter memory meter, TerminalWork memory work) private returns (bool done) {
    |                                    ^^^^^^^^^^

Warning (5667): Unused function parameter. Remove or comment out the variable name to silence this warning.
   --> contracts/CrapsBattle.sol:765:9:
    |
765 |         uint32 played,
    |         ^^^^^^^^^^^^^

Warning (5667): Unused function parameter. Remove or comment out the variable name to silence this warning.
   --> contracts/CrapsBattle.sol:766:9:
    |
766 |         uint8 bankMult,
    |         ^^^^^^^^^^^^^^

Warning (5667): Unused function parameter. Remove or comment out the variable name to silence this warning.
   --> contracts/CrapsBattle.sol:767:9:
    |
767 |         uint16 goalMult,
    |         ^^^^^^^^^^^^^^^

Warning (5667): Unused function parameter. Remove or comment out the variable name to silence this warning.
   --> contracts/CrapsBattle.sol:768:9:
    |
768 |         uint24 stakeUnits,
    |         ^^^^^^^^^^^^^^^^^

Warning (5667): Unused function parameter. Remove or comment out the variable name to silence this warning.
   --> contracts/CrapsBattle.sol:769:9:
    |
769 |         uint40 closeTime,
    |         ^^^^^^^^^^^^^^^^

Warning (5667): Unused function parameter. Remove or comment out the variable name to silence this warning.
   --> contracts/CrapsBattle.sol:770:9:
    |
770 |         bool multiEntry,
    |         ^^^^^^^^^^^^^^^

Warning (5667): Unused function parameter. Remove or comment out the variable name to silence this warning.
   --> contracts/CrapsBattle.sol:771:9:
    |
771 |         uint16 highRollerMult
    |         ^^^^^^^^^^^^^^^^^^^^^

Warning (5667): Unused function parameter. Remove or comment out the variable name to silence this warning.
   --> contracts/CrapsBattle.sol:772:25:
    |
772 |     ) external returns (uint64 slot) {
    |                         ^^^^^^^^^^^

Warning (5667): Unused function parameter. Remove or comment out the variable name to silence this warning.
   --> contracts/CrapsBattle.sol:836:31:
    |
836 |     function setBattleCreator(address account, bool allowed) external {
    |                               ^^^^^^^^^^^^^^^

Warning (5667): Unused function parameter. Remove or comment out the variable name to silence this warning.
   --> contracts/CrapsBattle.sol:836:48:
    |
836 |     function setBattleCreator(address account, bool allowed) external {
    |                                                ^^^^^^^^^^^^

Warning (5667): Unused function parameter. Remove or comment out the variable name to silence this warning.
    --> contracts/CrapsBattle.sol:1231:34:
     |
1231 |     function convertNormalToHigh(uint32 id, uint32 highCount) external { _delegateJackpot(); }
     |                                  ^^^^^^^^^

Warning (5667): Unused function parameter. Remove or comment out the variable name to silence this warning.
    --> contracts/CrapsBattle.sol:1231:45:
     |
1231 |     function convertNormalToHigh(uint32 id, uint32 highCount) external { _delegateJackpot(); }
     |                                             ^^^^^^^^^^^^^^^^

Warning (5667): Unused function parameter. Remove or comment out the variable name to silence this warning.
    --> contracts/CrapsBattle.sol:1252:33:
     |
1252 |     function upgradeReservedDay(uint32 id, uint24 day) external { _delegateJackpot(); }
     |                                 ^^^^^^^^^

Warning (5667): Unused function parameter. Remove or comment out the variable name to silence this warning.
    --> contracts/CrapsBattle.sol:1252:44:
     |
1252 |     function upgradeReservedDay(uint32 id, uint24 day) external { _delegateJackpot(); }
     |                                            ^^^^^^^^^^

Warning (2072): Unused local variable.
    --> contracts/Coinflip.sol:1707:9:
     |
1707 |         address s = ContractAddresses.SDGNRS;
     |         ^^^^^^^^^

Warning (5667): Unused function parameter. Remove or comment out the variable name to silence this warning.
    --> contracts/DegenerusGame.sol:1399:13:
     |
1399 |             uint256 totalFaceWei,
     |             ^^^^^^^^^^^^^^^^^^^^

Warning (5667): Unused function parameter. Remove or comment out the variable name to silence this warning.
    --> contracts/DegenerusGame.sol:1400:13:
     |
1400 |             uint256 totalBudget,
     |             ^^^^^^^^^^^^^^^^^^^

Warning (5667): Unused function parameter. Remove or comment out the variable name to silence this warning.
    --> contracts/DegenerusGame.sol:1401:13:
     |
1401 |             uint256 ticketWei,
     |             ^^^^^^^^^^^^^^^^^

Warning (5667): Unused function parameter. Remove or comment out the variable name to silence this warning.
    --> contracts/DegenerusGame.sol:1402:13:
     |
1402 |             uint256 ethCashWei,
     |             ^^^^^^^^^^^^^^^^^^

Warning (5667): Unused function parameter. Remove or comment out the variable name to silence this warning.
    --> contracts/DegenerusGame.sol:1403:13:
     |
1403 |             uint256 flipTokens
     |             ^^^^^^^^^^^^^^^^^^

Warning (5667): Unused function parameter. Remove or comment out the variable name to silence this warning.
    --> contracts/DegenerusAffiliate.sol:1085:28:
     |
1085 |     function _payoutUpline(bytes32 code, uint32 ownerId, bool second, uint256 cache)
     |                            ^^^^^^^^^^^^

Warning (5667): Unused function parameter. Remove or comment out the variable name to silence this warning.
   --> test/fuzz/handlers/WalletIdTruthHandler.sol:773:64:
    |
773 |     function _pmBet(uint256 action, address caller, uint32 id, address bettor, bool over) internal {
    |                                                                ^^^^^^^^^^^^^^

Warning (2072): Unused local variable.
   --> test/fuzz/invariant/WalletIdTruth.inv.t.sol:464:22:
    |
464 |         (uint32 sid, uint32 key) = _smurf(seeded[0]);
    |                      ^^^^^^^^^^

Warning (2018): Function state mutability can be restricted to pure
   --> contracts/modules/DegenerusGameMintStreakUtils.sol:183:5:
    |
183 |     function _quoteFarFutureSwap(
    |     ^ (Relevant source part starts here and spans across multiple lines).

Warning (2018): Function state mutability can be restricted to pure
   --> contracts/DegenerusRecordBounty.sol:441:5:
    |
441 |     function getApproved(uint256 tokenId) external view returns (address) {
    |     ^ (Relevant source part starts here and spans across multiple lines).

Warning (2018): Function state mutability can be restricted to pure
   --> contracts/CrapsBattle.sol:944:5:
    |
944 |     function _settlementOf(uint256 betId, uint256 header, Window memory w, uint256 word)
    |     ^ (Relevant source part starts here and spans across multiple lines).

Warning (2018): Function state mutability can be restricted to pure
    --> contracts/CrapsBattle.sol:1028:5:
     |
1028 |     function _windowTermsOn(uint24 day, uint256 period, uint256 word) internal view returns (Window memory w) {
     |     ^ (Relevant source part starts here and spans across multiple lines).

Warning (2018): Function state mutability can be restricted to pure
    --> contracts/JackpotBattle.sol:1086:5:
     |
1086 |     function _windowTermsOn(uint24 day, uint256 period, uint256 word) internal view returns (Window memory w) {
     |     ^ (Relevant source part starts here and spans across multiple lines).

Warning (2018): Function state mutability can be restricted to view
    --> contracts/DegenerusAffiliate.sol:1085:5:
     |
1085 |     function _payoutUpline(bytes32 code, uint32 ownerId, bool second, uint256 cache)
     |     ^ (Relevant source part starts here and spans across multiple lines).


Ran 15 tests for test/fuzz/invariant/WalletIdTruth.inv.t.sol:WalletIdTruthInvariant
[PASS] invariant_walletIdTruth() (runs: 256, calls: 32768, reverts: 0)

╭----------------------+----------------------+-------+---------+----------╮
| Contract             | Selector             | Calls | Reverts | Discards |
+==========================================================================+
| WalletIdTruthHandler | ac_coinflip          | 961   | 0       | 0        |
|----------------------+----------------------+-------+---------+----------|
| WalletIdTruthHandler | ac_craps             | 1003  | 0       | 0        |
|----------------------+----------------------+-------+---------+----------|
| WalletIdTruthHandler | ac_ext               | 941   | 0       | 0        |
|----------------------+----------------------+-------+---------+----------|
| WalletIdTruthHandler | ac_game              | 1476  | 0       | 0        |
|----------------------+----------------------+-------+---------+----------|
| WalletIdTruthHandler | adm_donateLink       | 455   | 0       | 0        |
|----------------------+----------------------+-------+---------+----------|
| WalletIdTruthHandler | af_claim             | 480   | 0       | 0        |
|----------------------+----------------------+-------+---------+----------|
| WalletIdTruthHandler | af_createCode        | 504   | 0       | 0        |
|----------------------+----------------------+-------+---------+----------|
| WalletIdTruthHandler | af_referPlayer       | 962   | 0       | 0        |
|----------------------+----------------------+-------+---------+----------|
| WalletIdTruthHandler | cf_autoRebuy         | 481   | 0       | 0        |
|----------------------+----------------------+-------+---------+----------|
| WalletIdTruthHandler | cf_claim             | 508   | 0       | 0        |
|----------------------+----------------------+-------+---------+----------|
| WalletIdTruthHandler | cf_deposit           | 948   | 0       | 0        |
|----------------------+----------------------+-------+---------+----------|
| WalletIdTruthHandler | cr_amendSlip         | 498   | 0       | 0        |
|----------------------+----------------------+-------+---------+----------|
| WalletIdTruthHandler | cr_applyPasses       | 506   | 0       | 0        |
|----------------------+----------------------+-------+---------+----------|
| WalletIdTruthHandler | cr_bonusBattle       | 967   | 0       | 0        |
|----------------------+----------------------+-------+---------+----------|
| WalletIdTruthHandler | cr_bonusDay          | 521   | 0       | 0        |
|----------------------+----------------------+-------+---------+----------|
| WalletIdTruthHandler | cr_convert           | 473   | 0       | 0        |
|----------------------+----------------------+-------+---------+----------|
| WalletIdTruthHandler | cr_futureDays        | 468   | 0       | 0        |
|----------------------+----------------------+-------+---------+----------|
| WalletIdTruthHandler | cr_setBoard          | 483   | 0       | 0        |
|----------------------+----------------------+-------+---------+----------|
| WalletIdTruthHandler | cr_upgradeReserved   | 513   | 0       | 0        |
|----------------------+----------------------+-------+---------+----------|
| WalletIdTruthHandler | cr_upgradeWindows    | 510   | 0       | 0        |
|----------------------+----------------------+-------+---------+----------|
| WalletIdTruthHandler | f_decimatorBurn      | 505   | 0       | 0        |
|----------------------+----------------------+-------+---------+----------|
| WalletIdTruthHandler | g_approve            | 476   | 0       | 0        |
|----------------------+----------------------+-------+---------+----------|
| WalletIdTruthHandler | g_boxOnly            | 469   | 0       | 0        |
|----------------------+----------------------+-------+---------+----------|
| WalletIdTruthHandler | g_claimWinnings      | 499   | 0       | 0        |
|----------------------+----------------------+-------+---------+----------|
| WalletIdTruthHandler | g_degenerette        | 985   | 0       | 0        |
|----------------------+----------------------+-------+---------+----------|
| WalletIdTruthHandler | g_deityPass          | 503   | 0       | 0        |
|----------------------+----------------------+-------+---------+----------|
| WalletIdTruthHandler | g_depositAfking      | 536   | 0       | 0        |
|----------------------+----------------------+-------+---------+----------|
| WalletIdTruthHandler | g_lazyPass           | 459   | 0       | 0        |
|----------------------+----------------------+-------+---------+----------|
| WalletIdTruthHandler | g_plainEth           | 481   | 0       | 0        |
|----------------------+----------------------+-------+---------+----------|
| WalletIdTruthHandler | g_presaleBox         | 509   | 0       | 0        |
|----------------------+----------------------+-------+---------+----------|
| WalletIdTruthHandler | g_purchase           | 1466  | 0       | 0        |
|----------------------+----------------------+-------+---------+----------|
| WalletIdTruthHandler | g_redeemFlip         | 447   | 0       | 0        |
|----------------------+----------------------+-------+---------+----------|
| WalletIdTruthHandler | g_subscribe          | 478   | 0       | 0        |
|----------------------+----------------------+-------+---------+----------|
| WalletIdTruthHandler | g_whalePass          | 514   | 0       | 0        |
|----------------------+----------------------+-------+---------+----------|
| WalletIdTruthHandler | pm_placeBet          | 519   | 0       | 0        |
|----------------------+----------------------+-------+---------+----------|
| WalletIdTruthHandler | prog_bigBuy          | 958   | 0       | 0        |
|----------------------+----------------------+-------+---------+----------|
| WalletIdTruthHandler | prog_driveDay        | 1551  | 0       | 0        |
|----------------------+----------------------+-------+---------+----------|
| WalletIdTruthHandler | prog_driveDayAligned | 955   | 0       | 0        |
|----------------------+----------------------+-------+---------+----------|
| WalletIdTruthHandler | prog_fulfillVrf      | 989   | 0       | 0        |
|----------------------+----------------------+-------+---------+----------|
| WalletIdTruthHandler | prog_mineFlip        | 1460  | 0       | 0        |
|----------------------+----------------------+-------+---------+----------|
| WalletIdTruthHandler | prog_topUp           | 525   | 0       | 0        |
|----------------------+----------------------+-------+---------+----------|
| WalletIdTruthHandler | prog_warp            | 470   | 0       | 0        |
|----------------------+----------------------+-------+---------+----------|
| WalletIdTruthHandler | s_burn               | 467   | 0       | 0        |
|----------------------+----------------------+-------+---------+----------|
| WalletIdTruthHandler | s_burnWrapped        | 500   | 0       | 0        |
|----------------------+----------------------+-------+---------+----------|
| WalletIdTruthHandler | s_claim              | 497   | 0       | 0        |
|----------------------+----------------------+-------+---------+----------|
| WalletIdTruthHandler | sm_create            | 925   | 0       | 0        |
|----------------------+----------------------+-------+---------+----------|
| WalletIdTruthHandler | wx_claim             | 462   | 0       | 0        |
|----------------------+----------------------+-------+---------+----------|
| WalletIdTruthHandler | wx_enter             | 505   | 0       | 0        |
╰----------------------+----------------------+-------+---------+----------╯

Logs:
  WID_REPORT runs 257
  WID_REPORT smurfs created (summed over runs) 609
  WID_REPORT account doors: authorized ok 814
  WID_REPORT account doors: authorized ok for a smurf 288
  WID_REPORT account doors: unauthorized refused 1448
  WID_REPORT account doors: gifts 123
  WID_REPORT registrations (incl. setUp, summed over runs) 7684
  WID_REPORT levels gained (summed over runs) 226
  WID_ACTION g_purchase calls=1475 ok=1308 regs=729 reverts: 0xfc220038x165 0x92bbf6e8x2
  WID_ACTION g_boxOnly calls=471 ok=471 regs=262 reverts:
  WID_ACTION g_presaleBox calls=511 ok=176 regs=0 reverts: 0x92bbf6e8x335
  WID_ACTION g_degenerette calls=985 ok=747 regs=363 reverts: 0x92bbf6e8x238
  WID_ACTION g_whalePass calls=514 ok=505 regs=300 reverts: 0xe5477470x9
  WID_ACTION g_lazyPass calls=463 ok=334 regs=274 reverts: 0xb77cfa6fx112 0xf539f57fx11 0xe5477470x5 0x81158110x1
  WID_ACTION g_deityPass calls=505 ok=422 regs=240 reverts: 0xf0c59927x57 0xaa597cd7x13 0xe5477470x13
  WID_ACTION g_redeemFlip calls=450 ok=103 regs=49 reverts: 0x92bbf6e8x347
  WID_ACTION g_subscribe calls=482 ok=119 regs=0 reverts: 0xc1ab6dc1x347 0xe5477470x16
  WID_ACTION g_depositAfking calls=537 ok=256 regs=0 reverts: 0x92bbf6e8x281
  WID_ACTION g_plainEth calls=484 ok=240 regs=0 reverts: 0x92bbf6e8x244
  WID_ACTION g_claimWinnings calls=501 ok=44 regs=0 reverts: 0x969bf728x457
  WID_ACTION g_approve calls=458 ok=219 regs=0 reverts: 0x92bbf6e8x239
  WID_ACTION cf_deposit calls=951 ok=791 regs=376 reverts: 0x92bbf6e8x160
  WID_ACTION cf_claim calls=509 ok=509 regs=0 reverts:
  WID_ACTION cf_autoRebuy calls=483 ok=468 regs=216 reverts: 0xe5477470x14 0xced5ff8cx1
  WID_ACTION f_decimatorBurn calls=506 ok=506 regs=262 reverts:
  WID_ACTION cr_setBoard calls=485 ok=244 regs=0 reverts: 0x1ad00397x233 0x550f8539x8
  WID_ACTION cr_bonusBattle calls=970 ok=673 regs=331 reverts: 0x5ef4754fx18 0x275fc91dx234 0xbb3e844fx44 0x5e0e0497x1
  WID_ACTION cr_bonusDay calls=522 ok=290 regs=146 reverts: 0x275fc91dx180 0xbb3e844fx43 0x5ef4754fx9
  WID_ACTION cr_futureDays calls=468 ok=459 regs=227 reverts: 0x308bb8dcx9
  WID_ACTION cr_applyPasses calls=509 ok=77 regs=0 reverts: 0x1ad00397x238 0x4e487b71x192 0x308bb8dcx2
  WID_ACTION cr_amendSlip calls=502 ok=33 regs=0 reverts: 0x1ad00397x156 0x3601797cx193 0xc19f17a9x45 0x550f8539x49 0x275fc91dx26
  WID_ACTION cr_convert calls=477 ok=0 regs=0 reverts: 0x4e487b71x253 0x1ad00397x224
  WID_ACTION cr_upgradeReserved calls=515 ok=0 regs=0 reverts: 0x1ad00397x255 0x0b5a9f28x253 0x4e487b71x4 0x1cee46b0x3
  WID_ACTION cr_upgradeWindows calls=510 ok=2 regs=0 reverts: 0x0b5a9f28x501 0xbb3e844fx5 0x275fc91dx2
  WID_ACTION af_createCode calls=505 ok=504 regs=248 reverts: 0x1dc930ebx1
  WID_ACTION af_referPlayer calls=968 ok=327 regs=358 reverts: 0x1dc930ebx641
  WID_ACTION af_claim calls=483 ok=483 regs=0 reverts:
  WID_ACTION wx_enter calls=509 ok=509 regs=245 reverts:
  WID_ACTION wx_claim calls=464 ok=0 regs=0 reverts: 0x273b4b77x414 0x9eb3d780x30 0x83846d86x20
  WID_ACTION pm_placeBet calls=520 ok=192 regs=0 reverts: 0xf8eb54dex316 0xa820742ex12
  WID_ACTION adm_donateLink calls=458 ok=458 regs=209 reverts:
  WID_ACTION s_burn calls=468 ok=143 regs=0 reverts: 0x1dc930ebx325
  WID_ACTION s_burnWrapped calls=503 ok=135 regs=0 reverts: 0x1ad00397x21 0x1dc930ebx347
  WID_ACTION s_claim calls=498 ok=0 regs=0 reverts: 0x9f4a6489x217 0x0ab468e2x281
  WID_ACTION prog_mineFlip calls=1463 ok=257 regs=0 reverts: 0x5c78c46fx1101 0xbb3e844fx105
  WID_ACTION prog_fulfillVrf calls=67 ok=67 regs=0 reverts:
  WID_ACTION prog_warp calls=473 ok=473 regs=0 reverts:
  WID_ACTION prog_driveDay calls=21091 ok=19533 regs=0 reverts: 0x5c78c46fx1555 0xbb3e844fx3
  WID_ACTION prog_bigBuy calls=964 ok=964 regs=345 reverts:
  WID_ACTION prog_topUp calls=527 ok=527 regs=0 reverts:
  WID_ACTION prog_driveDayAligned calls=11608 ok=10648 regs=0 reverts: 0x5c78c46fx958 0xbb3e844fx2
  WID_ACTION sm_create calls=929 ok=609 regs=24 reverts: 0xfc220038x251 0x92bbf6e8x69
  WID_ACTION ac_purchase calls=140 ok=46 regs=0 reverts: 0xc19f17a9x56 0x92bbf6e8x37 0xfc220038x1
  WID_ACTION ac_redeemFlip calls=164 ok=13 regs=0 reverts: 0xc19f17a9x62 0x92bbf6e8x89
  WID_ACTION ac_claimWinnings calls=164 ok=3 regs=0 reverts: 0x92bbf6e8x34 0xc19f17a9x52 0x969bf728x75
  WID_ACTION ac_withdrawAfking calls=134 ok=6 regs=0 reverts: 0x92bbf6e8x28 0xc19f17a9x53 0xfc220038x47
  WID_ACTION ac_degenerette calls=157 ok=111 regs=33 reverts: 0x92bbf6e8x46
  WID_ACTION ac_subscribe calls=143 ok=15 regs=0 reverts: 0xc19f17a9x73 0xa3460f7ax5 0x92bbf6e8x27 0x237e6c28x7 0xc1ab6dc1x12 0xe5477470x4
  WID_ACTION ac_setApproval calls=157 ok=60 regs=0 reverts: 0xc19f17a9x58 0x92bbf6e8x39
  WID_ACTION ac_pass calls=140 ok=37 regs=1 reverts: 0xc19f17a9x54 0xf0c59927x14 0xb77cfa6fx8 0x92bbf6e8x25 0xe5477470x2
  WID_ACTION ac_deityBoon calls=143 ok=2 regs=0 reverts: 0xc19f17a9x57 0x82b42900x42 0x92bbf6e8x42
  WID_ACTION ac_decurseSmite calls=137 ok=2 regs=0 reverts: 0xc1ab6dc1x62 0x969bf728x53 0x92bbf6e8x15 0x82b42900x5
  WID_ACTION ac_cfDeposit calls=206 ok=154 regs=38 reverts: 0x92bbf6e8x52
  WID_ACTION ac_cfClaim calls=189 ok=66 regs=0 reverts: 0xc19f17a9x80 0x92bbf6e8x43
  WID_ACTION ac_cfCarry calls=200 ok=1 regs=0 reverts: 0xc19f17a9x82 0x92bbf6e8x39 0xe679a331x78
  WID_ACTION ac_cfAutoRebuy calls=190 ok=77 regs=0 reverts: 0x92bbf6e8x46 0xc19f17a9x64 0xced5ff8cx1 0xe5477470x2
  WID_ACTION ac_cfTakeProfit calls=179 ok=0 regs=0 reverts: 0x92bbf6e8x48 0xe679a331x56 0xc19f17a9x75
  WID_ACTION ac_decimatorBurn calls=156 ok=71 regs=0 reverts: 0xc19f17a9x59 0x92bbf6e8x26
  WID_ACTION ac_pmBet calls=163 ok=46 regs=0 reverts: 0xc19f17a9x65 0x92bbf6e8x43 0xa820742ex4 0xf8eb54dex5
  WID_ACTION ac_wxEnter calls=158 ok=61 regs=0 reverts: 0x92bbf6e8x38 0xc19f17a9x59
  WID_ACTION ac_bafConsolation calls=171 ok=0 regs=0 reverts: 0x969bf728x171
  WID_ACTION ac_sdClaim calls=144 ok=0 regs=0 reverts: 0x9f4a6489x75 0x0ab468e2x69
  WID_ACTION ac_sdClaimParked calls=151 ok=0 regs=0 reverts: 0x92bbf6e8x42 0x82b42900x51 0x9b0e91e1x58
  WID_ACTION ac_crSetBoard calls=112 ok=43 regs=0 reverts: 0x92bbf6e8x26 0xc19f17a9x43
  WID_ACTION ac_crBonusBattle calls=114 ok=21 regs=0 reverts: 0xc19f17a9x52 0x275fc91dx8 0x92bbf6e8x31 0xbb3e844fx2
  WID_ACTION ac_crBonusDay calls=111 ok=30 regs=0 reverts: 0x275fc91dx10 0xc19f17a9x37 0x92bbf6e8x31 0xbb3e844fx3
  WID_ACTION ac_crFutureDays calls=124 ok=55 regs=0 reverts: 0x92bbf6e8x25 0xc19f17a9x41 0x308bb8dcx3
  WID_ACTION ac_crApplyPasses calls=112 ok=12 regs=0 reverts: 0x4e487b71x29 0x92bbf6e8x26 0xc19f17a9x45
  WID_ACTION ac_crAmendSlip calls=106 ok=7 regs=0 reverts: 0xc19f17a9x38 0x3601797cx36 0x92bbf6e8x18 0x275fc91dx2 0x550f8539x5
  WID_ACTION ac_crConvert calls=117 ok=0 regs=0 reverts: 0xc19f17a9x47 0x4e487b71x48 0x92bbf6e8x22
  WID_ACTION ac_crUpgradeReserved calls=121 ok=0 regs=0 reverts: 0x92bbf6e8x27 0xc19f17a9x51 0x0b5a9f28x42 0x4e487b71x1
  WID_ACTION ac_crUpgradeWindows calls=91 ok=0 regs=0 reverts: 0x0b5a9f28x35 0xc19f17a9x39 0x92bbf6e8x17

[PASS] test_ClaimAndExistingAccountDoorsNeverRegister() (gas: 4797599)
[PASS] test_CurrentRecordsFillTheOracleRoots() (gas: 1513476)
[PASS] test_accountDoorsFollowTheAccountRule() (gas: 19077622)
Logs:
  ac_purchase 5 2
  ac_redeemFlip 5 0
  ac_claimWinnings 5 0
  ac_withdrawAfking 5 0
  ac_degenerette 5 4
  ac_subscribe 5 2
  ac_setApproval 9 3
  ac_pass 5 2
  ac_deityBoon 5 0
  ac_decurseSmite 5 0
  ac_cfDeposit 5 4
  ac_cfClaim 5 2
  ac_cfCarry 5 0
  ac_cfAutoRebuy 5 1
  ac_cfTakeProfit 5 2
  ac_decimatorBurn 5 2
  ac_pmBet 5 1
  ac_wxEnter 5 2
  ac_bafConsolation 5 0
  ac_sdClaim 5 0
  ac_sdClaimParked 5 0
  ac_crSetBoard 5 2
  ac_crBonusBattle 5 0
  ac_crBonusDay 5 0
  ac_crFutureDays 5 1
  ac_crApplyPasses 5 0
  ac_crAmendSlip 5 2
  ac_crConvert 5 0
  ac_crUpgradeReserved 5 0
  ac_crUpgradeWindows 5 0
  authorized ok for the smurf 27

[PASS] test_firstContactRegistersOnEveryPayingDoor() (gas: 20134695)
Logs:
  g_purchase 1 1
  g_boxOnly 1 1
  g_degenerette 1 1
  g_whalePass 1 1
  g_lazyPass 1 1
  g_deityPass 1 1
  cf_deposit 1 1
  f_decimatorBurn 1 1
  af_createCode 1 1
  af_referPlayer 1 2
  wx_enter 1 1
  adm_donateLink 1 1
  cr_bonusBattle 0 0
  cr_bonusDay 0 0
  cr_futureDays 1 1

[PASS] test_oracleDetectsAClearedSmurfFlag() (gas: 847371)
[PASS] test_oracleDetectsADivergentSmurfReferral() (gas: 876470)
[PASS] test_oracleDetectsAStaleCodeUpline() (gas: 314662)
[PASS] test_oracleDetectsAStaleReferralWord() (gas: 261092)
[PASS] test_oracleDetectsAnIdSplit() (gas: 59065)
[PASS] test_oracleDetectsAnOwnerLaneAtASmurf() (gas: 1294208)
[PASS] test_oracleDetectsAnUnallocatedRedemptionRecipient() (gas: 517523)
[PASS] test_oracleDetectsAnUnauthorizedSuccess() (gas: 1348294)
[PASS] test_oracleDetectsTwoDeitiesOfOneMainWallet() (gas: 312643)
[PASS] test_smurfCreationCopiesTheOwnersReferral() (gas: 2718216)
Suite result: ok. 15 passed; 0 failed; 0 skipped; finished in 141.63s (141.65s CPU time)

Ran 1 test suite in 141.64s (141.63s CPU time): 15 tests passed, 0 failed, 0 skipped (15 total tests)
