Warning: This is a nightly build of Foundry. It is recommended to use the latest stable version. To mute this warning set `FOUNDRY_DISABLE_NIGHTLY_WARNING` in your environment.

Compiling 8 files with Solc 0.8.34
Solc 0.8.34 finished in 108.57s
Compiler run successful with warnings:
Warning (2519): This declaration shadows an existing declaration.
  --> contracts/libraries/MineFlipGas.sol:59:9:
   |
59 |         uint256 available = gasleft();
   |         ^^^^^^^^^^^^^^^^^
Note: The shadowed declaration is here:
  --> contracts/libraries/MineFlipGas.sol:29:5:
   |
29 |     function available() internal view returns (uint256) {
   |     ^ (Relevant source part starts here and spans across multiple lines).

Warning (2519): This declaration shadows an existing declaration.
    --> contracts/storage/DegenerusGameStorage.sol:3460:43:
     |
3460 |     function _lootboxEvUsedFor(uint32 id, uint24 level)
     |                                           ^^^^^^^^^^^^
Note: The shadowed declaration is here:
   --> contracts/storage/DegenerusGameStorage.sol:378:5:
    |
378 |     uint24 public level = 0;
    |     ^^^^^^^^^^^^^^^^^^^^^^^

Warning (2519): This declaration shadows an existing declaration.
    --> contracts/storage/DegenerusGameStorage.sol:3476:9:
     |
3476 |         uint24 level,
     |         ^^^^^^^^^^^^
Note: The shadowed declaration is here:
   --> contracts/storage/DegenerusGameStorage.sol:378:5:
    |
378 |     uint24 public level = 0;
    |     ^^^^^^^^^^^^^^^^^^^^^^^

Warning (2519): This declaration shadows an existing declaration.
    --> contracts/storage/DegenerusGameStorage.sol:3635:41:
     |
3635 |     function _centuryUsedFor(uint32 id, uint256 level) internal view returns (uint256) {
     |                                         ^^^^^^^^^^^^^
Note: The shadowed declaration is here:
   --> contracts/storage/DegenerusGameStorage.sol:378:5:
    |
378 |     uint24 public level = 0;
    |     ^^^^^^^^^^^^^^^^^^^^^^^

Warning (2519): This declaration shadows an existing declaration.
    --> contracts/storage/DegenerusGameStorage.sol:3641:44:
     |
3641 |     function _setCenturyUsedFor(uint32 id, uint256 level, uint256 used) internal {
     |                                            ^^^^^^^^^^^^^
Note: The shadowed declaration is here:
   --> contracts/storage/DegenerusGameStorage.sol:378:5:
    |
378 |     uint24 public level = 0;
    |     ^^^^^^^^^^^^^^^^^^^^^^^

Warning (2519): This declaration shadows an existing declaration.
  --> contracts/libraries/TicketEntropy.sol:32:54:
   |
32 |     function identity(uint24 queueKey, uint24 level, uint256 queueIndex, uint32 walletId)
   |                                                      ^^^^^^^^^^^^^^^^^^
Note: The shadowed declaration is here:
  --> contracts/libraries/TicketEntropy.sol:23:5:
   |
23 |     function queueIndex(uint256 logical, uint256 start, uint256 total) internal pure returns (uint256 physical) {
   |     ^ (Relevant source part starts here and spans across multiple lines).

Warning (2519): This declaration shadows an existing declaration.
   --> contracts/DegenerusVault.sol:715:9:
    |
715 |         uint8 symbol,
    |         ^^^^^^^^^^^^
Note: The shadowed declaration is here:
   --> contracts/DegenerusVault.sol:512:5:
    |
512 |     string public constant symbol = "DGV";
    |     ^^^^^^^^^^^^^^^^^^^^^^^^^^^^^^^^^^^^^

Warning (2519): This declaration shadows an existing declaration.
   --> test/fuzz/helpers/TicketQueueStorage.sol:122:13:
    |
122 |             uint256 lane = uint32(uint256(vm.load(host, _future(key, id))) >> ((position & 7) * 32));
    |             ^^^^^^^^^^^^
Note: The shadowed declaration is here:
   --> test/fuzz/helpers/TicketQueueStorage.sol:129:9:
    |
129 |         uint256 lane = (word >> shift) & ((uint256(1) << 42) - 1);
    |         ^^^^^^^^^^^^

Warning (2519): This declaration shadows an existing declaration.
   --> test/fuzz/helpers/TicketQueueStorage.sol:145:13:
    |
145 |             uint256 prior = uint256(vm.load(host, target));
    |             ^^^^^^^^^^^^^
Note: The shadowed declaration is here:
   --> test/fuzz/helpers/TicketQueueStorage.sol:157:9:
    |
157 |         uint256 prior = uint256(vm.load(host, slot));
    |         ^^^^^^^^^^^^^

Warning (2519): This declaration shadows an existing declaration.
   --> test/fuzz/helpers/TicketQueueStorage.sol:148:13:
    |
148 |             uint256 lane = value == 0 ? 0 : 0x80000000 | count | ((uint256(value) >> 10) & 0x40000000);
    |             ^^^^^^^^^^^^
Note: The shadowed declaration is here:
   --> test/fuzz/helpers/TicketQueueStorage.sol:161:9:
    |
161 |         uint256 lane = value == 0 ? 0 : (uint256(value) & ((uint256(1) << 41) - 1)) | (uint256(1) << 41);
    |         ^^^^^^^^^^^^

Warning (3149): The result type of the shift operation is equal to the type of the first operand (uint80) ignoring the (larger) type of the second operand (uint256) which might be unexpected. Silence this warning by either converting the first or the second operand to the type of the other.
    --> contracts/storage/DegenerusGameStorage.sol:1232:22:
     |
1232 |             packed = uint80(id) << OWNER_IDX_SHIFT;
     |                      ^^^^^^^^^^^^^^^^^^^^^^^^^^^^^

Warning (3149): The result type of the shift operation is equal to the type of the first operand (uint80) ignoring the (larger) type of the second operand (uint256) which might be unexpected. Silence this warning by either converting the first or the second operand to the type of the other.
    --> contracts/storage/DegenerusGameStorage.sol:1301:22:
     |
1301 |             packed = uint80(id) << OWNER_IDX_SHIFT;
     |                      ^^^^^^^^^^^^^^^^^^^^^^^^^^^^^

Warning (3149): The result type of the shift operation is equal to the type of the first operand (uint80) ignoring the (larger) type of the second operand (uint256) which might be unexpected. Silence this warning by either converting the first or the second operand to the type of the other.
    --> contracts/storage/DegenerusGameStorage.sol:1368:25:
     |
1368 |         uint80 idBits = uint80(id) << OWNER_IDX_SHIFT;
     |                         ^^^^^^^^^^^^^^^^^^^^^^^^^^^^^

Warning (3149): The result type of the shift operation is equal to the type of the first operand (uint80) ignoring the (larger) type of the second operand (uint256) which might be unexpected. Silence this warning by either converting the first or the second operand to the type of the other.
    --> contracts/storage/DegenerusGameStorage.sol:1808:25:
     |
1808 |                 return (uint80(id) << OWNER_IDX_SHIFT) | uint80((lane & 0x3fffffff) << 8)
     |                         ^^^^^^^^^^^^^^^^^^^^^^^^^^^^^

Warning (3149): The result type of the shift operation is equal to the type of the first operand (uint80) ignoring the (larger) type of the second operand (uint256) which might be unexpected. Silence this warning by either converting the first or the second operand to the type of the other.
    --> contracts/modules/DegenerusGameWhaleModule.sol:1014:26:
     |
1014 |                 packed = uint80(id) << OWNER_IDX_SHIFT;
     |                          ^^^^^^^^^^^^^^^^^^^^^^^^^^^^^

Warning (3149): The result type of the shift operation is equal to the type of the first operand (uint64) ignoring the (larger) type of the second operand (uint256) which might be unexpected. Silence this warning by either converting the first or the second operand to the type of the other.
   --> contracts/modules/DegenerusGameDecimatorModule.sol:262:24:
    |
262 |             weights |= uint64(weight) << (uint256(q) * 16);
    |                        ^^^^^^^^^^^^^^^^^^^^^^^^^^^^^^^^^^^

Warning (3149): The result type of the shift operation is equal to the type of the first operand (uint80) ignoring the (larger) type of the second operand (uint256) which might be unexpected. Silence this warning by either converting the first or the second operand to the type of the other.
  --> contracts/modules/DegenerusGameFoilPackModule.sol:93:26:
   |
93 |                 packed = uint80(id) << OWNER_IDX_SHIFT;
   |                          ^^^^^^^^^^^^^^^^^^^^^^^^^^^^^

Warning (3149): The result type of the shift operation is equal to the type of the first operand (uint32) ignoring the (larger) type of the second operand (uint256) which might be unexpected. Silence this warning by either converting the first or the second operand to the type of the other.
    --> contracts/Coinflip.sol:1567:32:
     |
1567 |             bool win = wins & (uint32(1) << offset) != 0;
     |                                ^^^^^^^^^^^^^^^^^^^

Warning (3149): The result type of the shift operation is equal to the type of the first operand (uint128) ignoring the (larger) type of the second operand (uint256) which might be unexpected. Silence this warning by either converting the first or the second operand to the type of the other.
    --> contracts/sDGNRS.sol:1326:44:
     |
1326 |             players.push(uint128(units) | (uint128(walletId) << BATCH_PLAYER_ID_SHIFT)
     |                                            ^^^^^^^^^^^^^^^^^^^^^^^^^^^^^^^^^^^^^^^^^^

Warning (3149): The result type of the shift operation is equal to the type of the first operand (uint128) ignoring the (larger) type of the second operand (uint256) which might be unexpected. Silence this warning by either converting the first or the second operand to the type of the other.
    --> contracts/sDGNRS.sol:1327:20:
     |
1327 |                 | (uint128(uint16(score) + 1) << BATCH_PLAYER_SCORE_SHIFT));
     |                    ^^^^^^^^^^^^^^^^^^^^^^^^^^^^^^^^^^^^^^^^^^^^^^^^^^^^^^

Warning (3149): The result type of the shift operation is equal to the type of the first operand (uint80) ignoring the (larger) type of the second operand (uint256) which might be unexpected. Silence this warning by either converting the first or the second operand to the type of the other.
  --> test/helpers/BucketSeed.sol:36:34:
   |
36 |         _seedOwedAt(rk, player, (uint80(id) << OWNER_IDX_SHIFT) | packedOwedRem);
   |                                  ^^^^^^^^^^^^^^^^^^^^^^^^^^^^^

Warning (3149): The result type of the shift operation is equal to the type of the first operand (uint80) ignoring the (larger) type of the second operand (uint256) which might be unexpected. Silence this warning by either converting the first or the second operand to the type of the other.
   --> test/repro/TerminalJackpotCohortIsolation.t.sol:120:29:
    |
120 |         uint80 ownerBits = (uint80(_seedWallet(player)) << OWNER_IDX_SHIFT);
    |                             ^^^^^^^^^^^^^^^^^^^^^^^^^^^^^^^^^^^^^^^^^^^^^^

Warning (3149): The result type of the shift operation is equal to the type of the first operand (uint80) ignoring the (larger) type of the second operand (uint256) which might be unexpected. Silence this warning by either converting the first or the second operand to the type of the other.
   --> test/repro/TerminalJackpotCohortIsolation.t.sol:140:29:
    |
140 |         uint80 ownerBits = (uint80(_seedWallet(player)) << OWNER_IDX_SHIFT);
    |                             ^^^^^^^^^^^^^^^^^^^^^^^^^^^^^^^^^^^^^^^^^^^^^^

Warning (3149): The result type of the shift operation is equal to the type of the first operand (uint80) ignoring the (larger) type of the second operand (uint256) which might be unexpected. Silence this warning by either converting the first or the second operand to the type of the other.
   --> test/repro/TerminalJackpotCohortIsolation.t.sol:187:29:
    |
187 |         uint80 ownerBits = (uint80(_seedWallet(player)) << OWNER_IDX_SHIFT);
    |                             ^^^^^^^^^^^^^^^^^^^^^^^^^^^^^^^^^^^^^^^^^^^^^^

Warning (5667): Unused function parameter. Remove or comment out the variable name to silence this warning.
   --> contracts/modules/DegenerusGameGameOverModule.sol:610:36:
    |
610 |     function _resumeTerminalPayout(uint24 day, MineFlipGas.Meter memory meter, TerminalWork memory work) private returns (bool done) {
    |                                    ^^^^^^^^^^

Warning (5667): Unused function parameter. Remove or comment out the variable name to silence this warning.
   --> contracts/CrapsBattle.sol:765:9:
    |
765 |         uint32 played,
    |         ^^^^^^^^^^^^^

Warning (5667): Unused function parameter. Remove or comment out the variable name to silence this warning.
   --> contracts/CrapsBattle.sol:766:9:
    |
766 |         uint8 bankMult,
    |         ^^^^^^^^^^^^^^

Warning (5667): Unused function parameter. Remove or comment out the variable name to silence this warning.
   --> contracts/CrapsBattle.sol:767:9:
    |
767 |         uint16 goalMult,
    |         ^^^^^^^^^^^^^^^

Warning (5667): Unused function parameter. Remove or comment out the variable name to silence this warning.
   --> contracts/CrapsBattle.sol:768:9:
    |
768 |         uint24 stakeUnits,
    |         ^^^^^^^^^^^^^^^^^

Warning (5667): Unused function parameter. Remove or comment out the variable name to silence this warning.
   --> contracts/CrapsBattle.sol:769:9:
    |
769 |         uint40 closeTime,
    |         ^^^^^^^^^^^^^^^^

Warning (5667): Unused function parameter. Remove or comment out the variable name to silence this warning.
   --> contracts/CrapsBattle.sol:770:9:
    |
770 |         bool multiEntry,
    |         ^^^^^^^^^^^^^^^

Warning (5667): Unused function parameter. Remove or comment out the variable name to silence this warning.
   --> contracts/CrapsBattle.sol:771:9:
    |
771 |         uint16 highRollerMult
    |         ^^^^^^^^^^^^^^^^^^^^^

Warning (5667): Unused function parameter. Remove or comment out the variable name to silence this warning.
   --> contracts/CrapsBattle.sol:772:25:
    |
772 |     ) external returns (uint64 slot) {
    |                         ^^^^^^^^^^^

Warning (5667): Unused function parameter. Remove or comment out the variable name to silence this warning.
   --> contracts/CrapsBattle.sol:836:31:
    |
836 |     function setBattleCreator(address account, bool allowed) external {
    |                               ^^^^^^^^^^^^^^^

Warning (5667): Unused function parameter. Remove or comment out the variable name to silence this warning.
   --> contracts/CrapsBattle.sol:836:48:
    |
836 |     function setBattleCreator(address account, bool allowed) external {
    |                                                ^^^^^^^^^^^^

Warning (5667): Unused function parameter. Remove or comment out the variable name to silence this warning.
    --> contracts/CrapsBattle.sol:1231:34:
     |
1231 |     function convertNormalToHigh(uint32 id, uint32 highCount) external { _delegateJackpot(); }
     |                                  ^^^^^^^^^

Warning (5667): Unused function parameter. Remove or comment out the variable name to silence this warning.
    --> contracts/CrapsBattle.sol:1231:45:
     |
1231 |     function convertNormalToHigh(uint32 id, uint32 highCount) external { _delegateJackpot(); }
     |                                             ^^^^^^^^^^^^^^^^

Warning (5667): Unused function parameter. Remove or comment out the variable name to silence this warning.
    --> contracts/CrapsBattle.sol:1252:33:
     |
1252 |     function upgradeReservedDay(uint32 id, uint24 day) external { _delegateJackpot(); }
     |                                 ^^^^^^^^^

Warning (5667): Unused function parameter. Remove or comment out the variable name to silence this warning.
    --> contracts/CrapsBattle.sol:1252:44:
     |
1252 |     function upgradeReservedDay(uint32 id, uint24 day) external { _delegateJackpot(); }
     |                                            ^^^^^^^^^^

Warning (2072): Unused local variable.
    --> contracts/Coinflip.sol:1707:9:
     |
1707 |         address s = ContractAddresses.SDGNRS;
     |         ^^^^^^^^^

Warning (5667): Unused function parameter. Remove or comment out the variable name to silence this warning.
    --> contracts/DegenerusGame.sol:1399:13:
     |
1399 |             uint256 totalFaceWei,
     |             ^^^^^^^^^^^^^^^^^^^^

Warning (5667): Unused function parameter. Remove or comment out the variable name to silence this warning.
    --> contracts/DegenerusGame.sol:1400:13:
     |
1400 |             uint256 totalBudget,
     |             ^^^^^^^^^^^^^^^^^^^

Warning (5667): Unused function parameter. Remove or comment out the variable name to silence this warning.
    --> contracts/DegenerusGame.sol:1401:13:
     |
1401 |             uint256 ticketWei,
     |             ^^^^^^^^^^^^^^^^^

Warning (5667): Unused function parameter. Remove or comment out the variable name to silence this warning.
    --> contracts/DegenerusGame.sol:1402:13:
     |
1402 |             uint256 ethCashWei,
     |             ^^^^^^^^^^^^^^^^^^

Warning (5667): Unused function parameter. Remove or comment out the variable name to silence this warning.
    --> contracts/DegenerusGame.sol:1403:13:
     |
1403 |             uint256 flipTokens
     |             ^^^^^^^^^^^^^^^^^^

Warning (5667): Unused function parameter. Remove or comment out the variable name to silence this warning.
    --> contracts/DegenerusAffiliate.sol:1085:28:
     |
1085 |     function _payoutUpline(bytes32 code, uint32 ownerId, bool second, uint256 cache)
     |                            ^^^^^^^^^^^^

Warning (6417): The constructor of the contract (or its base) uses inline assembly. Because of that, it might be that the deployed bytecode is different from type(...).runtimeCode.
  --> test/fuzz/RandomnessSeedInputs.t.sol:61:32:
   |
61 |         vm.etch(address(game), type(SeedInputSeeder).runtimeCode);
   |                                ^^^^^^^^^^^^^^^^^^^^^^^^^^^^^^^^^

Warning (6417): The constructor of the contract (or its base) uses inline assembly. Because of that, it might be that the deployed bytecode is different from type(...).runtimeCode.
  --> test/gas/AdvanceColdTerminalGas.t.sol:63:32:
   |
63 |         vm.etch(address(game), type(ColdTerminalSeeder).runtimeCode);
   |                                ^^^^^^^^^^^^^^^^^^^^^^^^^^^^^^^^^^^^

Warning (6417): The constructor of the contract (or its base) uses inline assembly. Because of that, it might be that the deployed bytecode is different from type(...).runtimeCode.
  --> test/repro/TerminalPayoutCheckpoints.t.sol:54:41:
   |
54 |         vm.etch(ContractAddresses.GAME, type(TerminalPayoutHarness).runtimeCode);
   |                                         ^^^^^^^^^^^^^^^^^^^^^^^^^^^^^^^^^^^^^^^

Warning (6417): The constructor of the contract (or its base) uses inline assembly. Because of that, it might be that the deployed bytecode is different from type(...).runtimeCode.
   --> test/repro/TerminalJackpotCohortIsolation.t.sol:551:32:
    |
551 |         vm.etch(address(game), type(TerminalCohortSeeder).runtimeCode);
    |                                ^^^^^^^^^^^^^^^^^^^^^^^^^^^^^^^^^^^^^^

Warning (5667): Unused function parameter. Remove or comment out the variable name to silence this warning.
  --> test/fuzz/helpers/DeadVrfSeeder.sol:48:26:
   |
48 |     function pendingWord(uint24 lvl, address player) external view returns (uint256) {
   |                          ^^^^^^^^^^

Warning (6417): The constructor of the contract (or its base) uses inline assembly. Because of that, it might be that the deployed bytecode is different from type(...).runtimeCode.
  --> test/repro/TerminalDrainPostSwapStarvation.t.sol:55:32:
   |
55 |         vm.etch(address(game), type(PostSwapSeeder).runtimeCode);
   |                                ^^^^^^^^^^^^^^^^^^^^^^^^^^^^^^^^

Warning (2018): Function state mutability can be restricted to pure
   --> contracts/modules/DegenerusGameMintStreakUtils.sol:183:5:
    |
183 |     function _quoteFarFutureSwap(
    |     ^ (Relevant source part starts here and spans across multiple lines).

Warning (2018): Function state mutability can be restricted to pure
   --> contracts/DegenerusRecordBounty.sol:441:5:
    |
441 |     function getApproved(uint256 tokenId) external view returns (address) {
    |     ^ (Relevant source part starts here and spans across multiple lines).

Warning (2018): Function state mutability can be restricted to pure
   --> contracts/CrapsBattle.sol:944:5:
    |
944 |     function _settlementOf(uint256 betId, uint256 header, Window memory w, uint256 word)
    |     ^ (Relevant source part starts here and spans across multiple lines).

Warning (2018): Function state mutability can be restricted to pure
    --> contracts/CrapsBattle.sol:1028:5:
     |
1028 |     function _windowTermsOn(uint24 day, uint256 period, uint256 word) internal view returns (Window memory w) {
     |     ^ (Relevant source part starts here and spans across multiple lines).

Warning (2018): Function state mutability can be restricted to pure
    --> contracts/JackpotBattle.sol:1086:5:
     |
1086 |     function _windowTermsOn(uint24 day, uint256 period, uint256 word) internal view returns (Window memory w) {
     |     ^ (Relevant source part starts here and spans across multiple lines).

Warning (2018): Function state mutability can be restricted to view
    --> contracts/DegenerusAffiliate.sol:1085:5:
     |
1085 |     function _payoutUpline(bytes32 code, uint32 ownerId, bool second, uint256 cache)
     |     ^ (Relevant source part starts here and spans across multiple lines).

Warning (2018): Function state mutability can be restricted to view
   --> test/repro/TerminalDrainPostSwapStarvation.t.sol:176:5:
    |
176 |     function _payoutTranscript() private returns (bytes32 digest) {
    |     ^ (Relevant source part starts here and spans across multiple lines).


Ran 4 tests for test/repro/TerminalRngCheckpoints.t.sol:TerminalRngCheckpointsTest
[PASS] test_CoordinatorGasFailureWithinFullStipendArmsTimerLikeARefusal() (gas: 2361705)
[PASS] test_LowGasAttemptDoesNotArmRefusalTimerOrReplacePriorWord() (gas: 65484)
[PASS] test_SemanticRefusalRetainsFirstTimerAndEventuallyExpires() (gas: 236079)
[PASS] test_TerminalApplicationStaysPinnedAcrossMidnightAndDoesNotRepeat() (gas: 506855)
Suite result: ok. 4 passed; 0 failed; 0 skipped; finished in 875.96µs (617.11µs CPU time)

Ran 1 test for test/repro/TerminalPayoutCheckpoints.t.sol:TerminalPayoutCheckpointsTest
[PASS] test_SetupRunsOncePotIsPinnedAndTimerWaitsForFinalQuadrant() (gas: 118021882)
Suite result: ok. 1 passed; 0 failed; 0 skipped; finished in 13.30ms (12.89ms CPU time)

Ran 10 tests for test/repro/TerminalJackpotCohortIsolation.t.sol:TerminalJackpotCohortIsolation
[PASS] testExpiredStallEndsDeterministicallyWithoutDrawing() (gas: 5788095)
[PASS] testFoilAndOrdinaryWriteCohortEnterTerminalJackpot() (gas: 21385232)
[PASS] testFoilOnlyWriteCohortEntersTerminalJackpot() (gas: 18625359)
[PASS] testJackpotTerminalExcludesPostCommitWriteBuffer() (gas: 42653365)
[PASS] testLockedLastPurchaseUsesPromotedReadCohort() (gas: 12509800)
[PASS] testPartialReadFoilThenWriteFoilAtEvenParity() (gas: 28202738)
[PASS] testPartialReadFoilThenWriteFoilAtOddParity() (gas: 28207952)
[PASS] testPurchaseTerminalFreezesUnsnappedNextLevelBeforeRequest() (gas: 10839265)
[PASS] testRefusedTerminalRequestsKeepOneTimerAndNoCallbackAuthority() (gas: 4092493)
[PASS] testTerminalLevelMatrixUsesLogicalCommittedCohort() (gas: 1855627)
Suite result: ok. 10 passed; 0 failed; 0 skipped; finished in 36.26ms (69.72ms CPU time)

Ran 1 test for test/gas/AdvanceColdTerminalGas.t.sol:AdvanceColdTerminalFreshLongGap
[PASS] test_ColdTerminalAfterLongGapRefundsAndAwards() (gas: 10835828)
Logs:
  terminal_word_apply_including_intrinsic: 531557
  terminal_coinflip_backfill_days: 31
  largest_cold_terminal_call_including_intrinsic: 9055320
  full_cold_terminal_including_intrinsic: 9055320
  terminal_payout_calls: 1
  terminal_ETH_awards: 305

Suite result: ok. 1 passed; 0 failed; 0 skipped; finished in 98.05ms (3.31ms CPU time)

Ran 1 test for test/gas/AdvanceColdTerminalGas.t.sol:AdvanceColdTerminalRecorded
[PASS] test_ColdTerminalWithAllRefundsAndAwards() (gas: 9825934)
Logs:
  terminal_word_apply_including_intrinsic: 181777
  terminal_coinflip_backfill_days: 0
  largest_cold_terminal_call_including_intrinsic: 9057081
  full_cold_terminal_including_intrinsic: 9057081
  terminal_payout_calls: 1
  terminal_ETH_awards: 305

Suite result: ok. 1 passed; 0 failed; 0 skipped; finished in 100.27ms (3.96ms CPU time)

Ran 1 test for test/gas/AdvanceColdTerminalGas.t.sol:AdvanceColdTerminalFresh
[PASS] test_ColdTerminalWithFreshWordRefundsAndAwards() (gas: 10052362)
Logs:
  terminal_word_apply_including_intrinsic: 179777
  terminal_coinflip_backfill_days: 0
  largest_cold_terminal_call_including_intrinsic: 9057082
  full_cold_terminal_including_intrinsic: 9057082
  terminal_payout_calls: 1
  terminal_ETH_awards: 305

Suite result: ok. 1 passed; 0 failed; 0 skipped; finished in 155.39ms (5.62ms CPU time)

Ran 2 tests for test/fuzz/RandomnessSeedInputs.t.sol:RandomnessSeedInputsTest
[PASS] testFuzz_BoxAmountDoesNotRerollIdentity(uint256,uint8) (runs: 1000, μ: 1154344, ~: 1157490)
[PASS] test_BoxAmountIdentityWithCappedSpinRecirculation() (gas: 1385430)
Suite result: ok. 2 passed; 0 failed; 0 skipped; finished in 295.00ms (290.57ms CPU time)

Ran 2 tests for test/repro/TerminalDrainPostSwapStarvation.t.sol:TerminalDrainPostSwapStarvationTest
[PASS] test_starvedLaterPostSwapBatchCannotForfeitTheCohort() (gas: 3843313703)
[PASS] test_starvedPostSwapBatchCannotForfeitTheCohort() (gas: 616273425)
Suite result: ok. 2 passed; 0 failed; 0 skipped; finished in 991.48ms (1.25s CPU time)

Ran 8 test suites in 992.36ms (1.69s CPU time): 22 tests passed, 0 failed, 0 skipped (22 total tests)
