Warning: This is a nightly build of Foundry. It is recommended to use the latest stable version. To mute this warning set `FOUNDRY_DISABLE_NIGHTLY_WARNING` in your environment.

Compiling 7 files with Solc 0.8.34
Solc 0.8.34 finished in 53.62s
Compiler run successful with warnings:
Warning (2519): This declaration shadows an existing declaration.
  --> contracts/libraries/MineFlipGas.sol:59:9:
   |
59 |         uint256 available = gasleft();
   |         ^^^^^^^^^^^^^^^^^
Note: The shadowed declaration is here:
  --> contracts/libraries/MineFlipGas.sol:29:5:
   |
29 |     function available() internal view returns (uint256) {
   |     ^ (Relevant source part starts here and spans across multiple lines).

Warning (8760): This declaration has the same name as another declaration.
  --> test/craps/CrapsHottestShooter.t.sol:12:71:
   |
12 |     function prime(uint64 slot, uint32 own, uint32 day, uint32 drawn, uint256 heat, uint256 lane) external {
   |                                                                       ^^^^^^^^^^^^
Note: The other declaration is here:
  --> test/craps/CrapsHottestShooter.t.sol:23:5:
   |
23 |     function heat(uint64 slot) external view returns (uint256) {
   |     ^ (Relevant source part starts here and spans across multiple lines).

Warning (5667): Unused function parameter. Remove or comment out the variable name to silence this warning.
   --> contracts/CrapsBattle.sol:765:9:
    |
765 |         uint32 played,
    |         ^^^^^^^^^^^^^

Warning (5667): Unused function parameter. Remove or comment out the variable name to silence this warning.
   --> contracts/CrapsBattle.sol:766:9:
    |
766 |         uint8 bankMult,
    |         ^^^^^^^^^^^^^^

Warning (5667): Unused function parameter. Remove or comment out the variable name to silence this warning.
   --> contracts/CrapsBattle.sol:767:9:
    |
767 |         uint16 goalMult,
    |         ^^^^^^^^^^^^^^^

Warning (5667): Unused function parameter. Remove or comment out the variable name to silence this warning.
   --> contracts/CrapsBattle.sol:768:9:
    |
768 |         uint24 stakeUnits,
    |         ^^^^^^^^^^^^^^^^^

Warning (5667): Unused function parameter. Remove or comment out the variable name to silence this warning.
   --> contracts/CrapsBattle.sol:769:9:
    |
769 |         uint40 closeTime,
    |         ^^^^^^^^^^^^^^^^

Warning (5667): Unused function parameter. Remove or comment out the variable name to silence this warning.
   --> contracts/CrapsBattle.sol:770:9:
    |
770 |         bool multiEntry,
    |         ^^^^^^^^^^^^^^^

Warning (5667): Unused function parameter. Remove or comment out the variable name to silence this warning.
   --> contracts/CrapsBattle.sol:771:9:
    |
771 |         uint16 highRollerMult
    |         ^^^^^^^^^^^^^^^^^^^^^

Warning (5667): Unused function parameter. Remove or comment out the variable name to silence this warning.
   --> contracts/CrapsBattle.sol:772:25:
    |
772 |     ) external returns (uint64 slot) {
    |                         ^^^^^^^^^^^

Warning (5667): Unused function parameter. Remove or comment out the variable name to silence this warning.
   --> contracts/CrapsBattle.sol:836:31:
    |
836 |     function setBattleCreator(address account, bool allowed) external {
    |                               ^^^^^^^^^^^^^^^

Warning (5667): Unused function parameter. Remove or comment out the variable name to silence this warning.
   --> contracts/CrapsBattle.sol:836:48:
    |
836 |     function setBattleCreator(address account, bool allowed) external {
    |                                                ^^^^^^^^^^^^

Warning (5667): Unused function parameter. Remove or comment out the variable name to silence this warning.
    --> contracts/CrapsBattle.sol:1231:34:
     |
1231 |     function convertNormalToHigh(uint32 id, uint32 highCount) external { _delegateJackpot(); }
     |                                  ^^^^^^^^^

Warning (5667): Unused function parameter. Remove or comment out the variable name to silence this warning.
    --> contracts/CrapsBattle.sol:1231:45:
     |
1231 |     function convertNormalToHigh(uint32 id, uint32 highCount) external { _delegateJackpot(); }
     |                                             ^^^^^^^^^^^^^^^^

Warning (5667): Unused function parameter. Remove or comment out the variable name to silence this warning.
    --> contracts/CrapsBattle.sol:1252:33:
     |
1252 |     function upgradeReservedDay(uint32 id, uint24 day) external { _delegateJackpot(); }
     |                                 ^^^^^^^^^

Warning (5667): Unused function parameter. Remove or comment out the variable name to silence this warning.
    --> contracts/CrapsBattle.sol:1252:44:
     |
1252 |     function upgradeReservedDay(uint32 id, uint24 day) external { _delegateJackpot(); }
     |                                            ^^^^^^^^^^

Warning (5667): Unused function parameter. Remove or comment out the variable name to silence this warning.
   --> test/craps/CrapsPins.sol:474:99:
    |
474 |     function _openBattle(CrapsViews c, uint32 played, uint8 bankMult, uint16 goalMult, uint24 su, uint16 bar)
    |                                                                                                   ^^^^^^^^^^

Warning (2018): Function state mutability can be restricted to pure
   --> contracts/CrapsBattle.sol:944:5:
    |
944 |     function _settlementOf(uint256 betId, uint256 header, Window memory w, uint256 word)
    |     ^ (Relevant source part starts here and spans across multiple lines).

Warning (2018): Function state mutability can be restricted to pure
    --> contracts/CrapsBattle.sol:1028:5:
     |
1028 |     function _windowTermsOn(uint24 day, uint256 period, uint256 word) internal view returns (Window memory w) {
     |     ^ (Relevant source part starts here and spans across multiple lines).

Warning (2018): Function state mutability can be restricted to pure
    --> contracts/JackpotBattle.sol:1086:5:
     |
1086 |     function _windowTermsOn(uint24 day, uint256 period, uint256 word) internal view returns (Window memory w) {
     |     ^ (Relevant source part starts here and spans across multiple lines).


Ran 7 tests for test/craps/CrapsHottestShooter.t.sol:CrapsHottestShooterTest
[PASS] test_battleWinnerCanAlsoBeHottest() (gas: 386193)
[PASS] test_customBattleKeepsItsWholePot() (gas: 299011)
[PASS] test_dayAndAwardedSeatsUseDenseRotationOrdinals() (gas: 784545)
[PASS] test_externalCallerCannotInvokePayout() (gas: 37769)
[PASS] test_protocolPassSplitsConserveBothRecipientsShares() (gas: 669459)
[PASS] test_tenPercentGoesToHottestAndHighLaneIsUntouched() (gas: 588952)
[PASS] test_zeroPotDoesNotCreateCredit() (gas: 273895)
Suite result: ok. 7 passed; 0 failed; 0 skipped; finished in 1.75ms (1.78ms CPU time)

Ran 1 test for test/repro/UnpushedSidegameRngSafety.t.sol:UnpushedSidegameRngSafety
[PASS] test_ReadStageSettlementWaitsForTheJackpotStageWithFrozenOutcomes() (gas: 694984)
Suite result: ok. 1 passed; 0 failed; 0 skipped; finished in 2.34ms (465.58µs CPU time)

Ran 10 tests for test/craps/CrapsStorageReuse.t.sol:CrapsStorageReuseTest
[PASS] testFuzz_TagPreservesMoneyFlagsAndRejectsForgedDay(uint24,uint32,uint256) (runs: 1000, μ: 106159, ~: 106108)
[PASS] test_DayThirtyStillPaysIdenticallyAndDayThirtyOneExpires() (gas: 2175373)
[PASS] test_ExpirationSkipsAlreadyCompletedLaterQueueSlot() (gas: 1881093)
[PASS] test_ExpiredJackpotCannotAppendOverNewSeatsOrPayReserve() (gas: 1354111)
[PASS] test_ExpiredLapsedDayCannotRefundTheNewReservation() (gas: 846126)
[PASS] test_ExpiredReadCohortCannotPayReusedBetsAndDrainsOnce() (gas: 1593803)
[PASS] test_PartialSettlementThenExpirationCannotPayAgain() (gas: 1769154)
[PASS] test_ReusedBetAndMembershipRejectOldIdsAndUnwrittenTail() (gas: 782123)
[PASS] test_ThirtyDayBookingLimitIsAtomicForBothPurchaseAndPasses() (gas: 1002522)
[PASS] test_ThreeLanesShareWordAndAmendPreservesBothNeighbors() (gas: 281032)
Suite result: ok. 10 passed; 0 failed; 0 skipped; finished in 113.25ms (117.88ms CPU time)

Ran 24 tests for test/craps/CrapsWalletIds.t.sol:CrapsWalletIdsTest
[PASS] testFuzz_noStoredBetOrSlipEchoHasOwnerZero(uint256) (runs: 192, μ: 2306229, ~: 2306284)
[PASS] test_aContestedScheduledFieldPaysEveryLaneById() (gas: 3328879)
[PASS] test_aDayTicketBlocksAWindowSeatTheSameDay() (gas: 859799)
[PASS] test_aDeliveryOntoATakenDayBanksInstead() (gas: 453905)
[PASS] test_aSingleEntryBattleSeatsAWalletIdOnce() (gas: 593037)
[PASS] test_aSoleHighRiderRidesHomeOnItsOwnIdCredit() (gas: 2371714)
[PASS] test_appendStoresTheIdWithAnAwardUnitAndSkipsZeroIds() (gas: 1206836)
[PASS] test_boardSavesAndPassMovesPreserveEachOthersLanes() (gas: 425471)
[PASS] test_constructorSeedsTwentyNormalPassesAtIdsTwoAndOne() (gas: 18471)
[PASS] test_convertAndUpgradeReservedDayLeaveTheAddressWordUntouched() (gas: 392007)
[PASS] test_f6CounterexampleWithARevertedMultiDayComp() (gas: 2922348)
[PASS] test_firstContactRegistersBeforeTheBurnOnEveryPayingDoor() (gas: 2043029)
[PASS] test_goldenPaidEntrySaltIsTheWalletId() (gas: 1718697)
[PASS] test_highRollerReserveNominatesByIdNeverIdTwoAndCreditsTheId() (gas: 6733949)
[PASS] test_lapsedDayRefundsLandInEachSeatsIdWord() (gas: 1696575)
[PASS] test_nonPayingDoorsRevertNoWalletIdForAnUnregisteredWallet() (gas: 918715)
[PASS] test_openBonusDaySeatsTheBodiesByIdOnTheirIdWordPasses() (gas: 515170)
[PASS] test_passCreditsAndDeliveriesBankInTheIdWordAlone() (gas: 287701)
[PASS] test_progressiveAndDiceRunRecordPayTheWinnerIdAndBankItsPasses() (gas: 1037047)
[PASS] test_theUnfundedHouseStillSeatsIdTwo() (gas: 513874)
[PASS] test_upgradeDayWindowsByAFirstContactUnwindsItsRegistration() (gas: 494149)
[PASS] test_vaultCompHonoursTheRecipientsSavedBoard() (gas: 772436)
[PASS] test_vaultCompRefusesAnUnallocatedRecipientId() (gas: 428264)
[PASS] test_vaultCompSeatsAnUncachedRecipientByIdOnBoardZero() (gas: 1804083)
Suite result: ok. 24 passed; 0 failed; 0 skipped; finished in 276.49ms (334.74ms CPU time)

Ran 45 tests for test/craps/CrapsPasses.t.sol:CrapsPassesTest
[PASS] testFuzz_theGamesPassDoorsNeverRevert(uint32,uint32,uint32,uint32,uint8,bool,bool) (runs: 1000, μ: 259127, ~: 244412)
[PASS] test_aBoughtDayPlaysEvenWhenPeriodZeroIsMissed() (gas: 797799)
[PASS] test_aBoughtRunNamesItsBoardToo() (gas: 367079)
[PASS] test_aConversionCannotReachACommittedReservation() (gas: 298369)
[PASS] test_aConversionEmitsExactlyOneCanonicalLog() (gas: 115066)
[PASS] test_aConversionTouchesNoOutsideLedger() (gas: 143293)
[PASS] test_aFullHighLaneRevertsWithoutDebitingNormals() (gas: 113801)
[PASS] test_aFullLaneSaturatesRatherThanReverting() (gas: 211843)
[PASS] test_aFutureDayIsSeatedTheMomentItIsBought() (gas: 849608)
[PASS] test_aFutureReservationsBoardAmendsUntilItsOwnOpenerCloses() (gas: 512602)
[PASS] test_aHighCreditUpgradesANormalReservation() (gas: 426964)
[PASS] test_aHighReservationRunsTheTargetDaysOwnMultiple() (gas: 840001)
[PASS] test_aMixedBatchSeatsTheHighPassFirst() (gas: 185054)
[PASS] test_aRejectedRangeBurnsNothing() (gas: 590174)
[PASS] test_aReservationBlocksThePaidWholeDayEntry() (gas: 848047)
[PASS] test_aReservationNamesOneBoardForTheWholeRun() (gas: 338857)
[PASS] test_aReservedBoardAllowsUpToSevenLegalChips() (gas: 802125)
[PASS] test_aReservedBoardStillAmendsDayByDay() (gas: 406748)
[PASS] test_aRunMustBeStrictlyFutureAndUnworded() (gas: 414980)
[PASS] test_aSeatedDayCannotBeTakenTwice() (gas: 462158)
[PASS] test_aShortBalanceConvertsNothingNotPart() (gas: 113531)
[PASS] test_aShortBalanceReservesNothing() (gas: 207980)
[PASS] test_aWordedTomorrowIsNotReservable() (gas: 173467)
[PASS] test_aZeroConversionReverts() (gas: 94180)
[PASS] test_anOccupiedTomorrowBanksTheWholeAward() (gas: 220606)
[PASS] test_creditPassesBanksExactlyWhatItLogs() (gas: 182190)
[PASS] test_creditPassesBanksOnlyTheCapacityASaturatedLaneHad() (gas: 119556)
[PASS] test_creditsCommitToAConsecutiveRun() (gas: 568554)
[PASS] test_deliveredSeatsTakeDenseNumbersAndOneTicketADay() (gas: 301809)
[PASS] test_deliverySeatsTomorrowAndBanksTheRest() (gas: 176206)
[PASS] test_fortyTwoNormalsConvertToTwoHighs() (gas: 117825)
[PASS] test_fundingLeavesNoMarkOnTheDay() (gas: 459660)
[PASS] test_futureDaysBurnTheFixedPriceOnce() (gas: 552375)
[PASS] test_oneTakenDayVoidsTheWholeRun() (gas: 494320)
[PASS] test_onlyTheGameMayDeliverPasses() (gas: 200271)
[PASS] test_theHighPriceIsItsOwnConstant() (gas: 360053)
[PASS] test_theTwoLanesDoNotSubstituteForEachOther() (gas: 401875)
[PASS] test_theVaultCannotReachTheBareCreditLane() (gas: 40742)
[PASS] test_twentyNormalsCannotBuyAHigh() (gas: 113521)
[PASS] test_twentyOneNormalsConvertToOneHigh() (gas: 117406)
[PASS] test_twoPlayersMayReserveTheSameDay() (gas: 573814)
[PASS] test_upgradeOfAHighReservationReverts() (gas: 237251)
[PASS] test_upgradeOfTodayReverts() (gas: 104285)
[PASS] test_upgradeWithoutAHighCreditReverts() (gas: 249413)
[PASS] test_upgradeWithoutAReservationReverts() (gas: 117671)
Suite result: ok. 45 passed; 0 failed; 0 skipped; finished in 276.67ms (285.10ms CPU time)

Ran 10 tests for test/craps/CrapsPasses.t.sol:CrapsAwardSplitTest
[PASS] test_aFullOrPartialLaneOnlyBanksWhatFits() (gas: 215811)
[PASS] test_fractionalRemaindersStayLiquid() (gas: 367970)
[PASS] test_theDenominationCliffIsStrict() (gas: 368064)
[PASS] test_theSmallestAwardBanksOneNormal() (gas: 186117)
[PASS] test_theSplitIsDeterministicAcrossWords() (gas: 345418)
[PASS] test_theSplitLogsCreditThenSplitAndNothingElse() (gas: 84489)
[PASS] test_theThirtyHighCap() (gas: 368248)
[PASS] test_theWorkedHighPassExample() (gas: 78385)
[PASS] test_twoAwardsToOneWinnerSplitIndependently() (gas: 133217)
[PASS] test_underOneUnitSplitsNothing() (gas: 90663)
Suite result: ok. 10 passed; 0 failed; 0 skipped; finished in 277.56ms (3.56ms CPU time)

Ran 22 tests for test/craps/CrapsAccounts.t.sol:CrapsAccountsTest
[PASS] testFuzz_accountDoorsAndCompsNeverStoreOwnerZero(uint8,uint8,uint8,uint32,uint8) (runs: 1000, μ: 164201, ~: 104327)
[PASS] test_amendSlipByAccount() (gas: 1395571)
[PASS] test_amendSlipOwnershipIsTheAccounts() (gas: 311514)
[PASS] test_applyCrapsPassesByAccount() (gas: 1341074)
[PASS] test_buyFutureCrapsDaysByAccount() (gas: 1845275)
[PASS] test_convertNormalToHighByAccount() (gas: 1020826)
[PASS] test_createBattleThroughTheStub() (gas: 363704)
[PASS] test_donateStillBurnsTheCaller() (gas: 111175)
[PASS] test_enterBattleByAccount() (gas: 1732595)
[PASS] test_enterBonusBattleByAccount() (gas: 1804021)
[PASS] test_enterBonusDayByAccount() (gas: 2155060)
[PASS] test_newcomerRateFollowsTheAccountKey() (gas: 1381295)
[PASS] test_newcomerUpgradeBurnFollowsTheAccountKey() (gas: 977854)
[PASS] test_passDoorsBySmurfIdMoveOnlyThatIdAndWriteNoAddressWord() (gas: 606510)
[PASS] test_setPreferredBoardByAccount() (gas: 880842)
[PASS] test_stubSelectorsMatchTheJackpotBattleBodies() (gas: 580)
[PASS] test_upgradeDayWindowsByAccount() (gas: 1874692)
[PASS] test_upgradeReservedDayByAccount() (gas: 1465878)
[PASS] test_vaultCompRecipientIsTheLowThirtyTwoBits() (gas: 177887)
[PASS] test_vaultCompRevertsForAZeroOrUnallocatedRecipient() (gas: 83369)
[PASS] test_vaultCompSeatsAndBanksOnTheRecipientIdAndChargesTheLaneForItsKey() (gas: 1374827)
[PASS] test_vaultCompUpgradesAnExistingSeatForTheRecipientKey() (gas: 369076)
Suite result: ok. 22 passed; 0 failed; 0 skipped; finished in 277.63ms (289.36ms CPU time)

Ran 29 tests for test/craps/CrapsCompBudget.t.sol:CrapsCompBudgetTest
[PASS] test_aCompCannotSeatTheSameAddressTwice() (gas: 835820)
[PASS] test_aCompCarriesNoBoon() (gas: 737392)
[PASS] test_aCompDonationPaysTheSameWinnerExactlyWhatWasAdded() (gas: 1995468)
[PASS] test_aCompedDayIsThePaidDay() (gas: 1144637)
[PASS] test_aCompedHighSeatCountsInTheHighLane() (gas: 758324)
[PASS] test_aCompedSeatStartsBlankAndCanBeRespread() (gas: 810382)
[PASS] test_aCompedUpgradeChargesTheMissingCopies() (gas: 1367396)
[PASS] test_aCompedWindowSeatIsThePaidSeatWithAnotherOwner() (gas: 1006495)
[PASS] test_aCustomBattleWithNoBountyAndNoHighLaneStillEarns() (gas: 1111157)
[PASS] test_aDayTicketCountsInEveryWindowItSitsIn() (gas: 1916144)
[PASS] test_aFinishedWindowFeedsTwoPercentOfEveryBankrollItRan() (gas: 2018866)
[PASS] test_aLaneThatCannotCoverItRefusesTheWholeSeat() (gas: 929145)
[PASS] test_aPlayerDonationStillBurnsWalletFlip() (gas: 608862)
[PASS] test_aRefusedCompDonationCannotMoveSeedOrBudget() (gas: 653305)
[PASS] test_aReservedSeatPlaysItsWindowAndNumbersTheFieldFromIt() (gas: 2513449)
[PASS] test_aReservedWindowIsRefusedWhereItCannotSit() (gas: 927533)
[PASS] test_aVaultCanDonateToADailyWindowWithoutFeedingBackTheDonation() (gas: 1965014)
[PASS] test_aVaultDonationChargesOnlyTheCompLane() (gas: 636510)
[PASS] test_aWindowAheadIsPricedAtItsClassesExpectedSeat() (gas: 902980)
[PASS] test_anUpgradedDayWindowEarnsAsAHighSeatThereOnly() (gas: 3041626)
[PASS] test_compDonationsRespectBothTheCloseTimeAndArmedLatch() (gas: 1175866)
[PASS] test_compedFutureDaysAreThePaidReservation() (gas: 1280011)
[PASS] test_compedPassesBankAndChargeOnlyWhatBanked() (gas: 607089)
[PASS] test_donationsDoNotEarn() (gas: 1891311)
[PASS] test_onlyTheVaultMayComp() (gas: 559853)
[PASS] test_theCreditIsTheSameHoweverTheSettlementIsChunked() (gas: 2964335)
[PASS] test_theExpectedSeatMatchesThePresetTable() (gas: 283325291)
[PASS] test_theGameCanNoLongerComp() (gas: 294562)
[PASS] test_theOutcomeDoesNotChangeTheCredit() (gas: 3022415)
Suite result: ok. 29 passed; 0 failed; 0 skipped; finished in 277.85ms (303.62ms CPU time)

Ran 3 tests for test/craps/CrapsEngineParity.t.sol:CrapsEngineParity
[PASS] testFuzz_CompactHeaderPreservesEveryOutcome(uint32,uint256,uint8,bool,bool) (runs: 1000, μ: 4250767, ~: 4241580)
[PASS] testFuzz_directAndRankedRunsUseSharedRollCeiling(bytes32,bool) (runs: 64, μ: 2810114, ~: 2807280)
[PASS] test_sharedBudgetMatchesInlineReferenceAndLegacyPrefix() (gas: 67012858)
Suite result: ok. 3 passed; 0 failed; 0 skipped; finished in 278.43ms (715.25ms CPU time)

Ran 11 tests for test/craps/CrapsBoonPayout.t.sol:CrapsBoonPayoutTest
[PASS] test_aDayTicketIsBoostedInEveryWindowItPlays() (gas: 53495283)
[PASS] test_aFutureRunMarksOnlyItsFirstReservedDay() (gas: 569238)
[PASS] test_aHighSeatTakesItsBonusOffTheScaledPaymentAndTheCeilingBitesThere() (gas: 6357462)
[PASS] test_aRevertedPurchaseLeavesNoSeatAndNoSpentBoon() (gas: 280768)
[PASS] test_anInvalidStoredMaskPaysNothingAtSettlement() (gas: 1225932)
[PASS] test_anUnboonedEntryLeavesTheSliceClear() (gas: 419899)
[PASS] test_redemptionAndDeliveryCarryNoBoon() (gas: 434183)
[PASS] test_theBoonLiftsPaidByExactlyItsBonusAndNeverTouchesWon() (gas: 6696550)
[PASS] test_theMaskRoundTripsThroughStorageAtItsOwnSlice() (gas: 1202228)
[PASS] test_thePreviewQuotesExactlyWhatSettlementPays() (gas: 6525003)
[PASS] test_upgradingDayWindowsPreservesTheMask() (gas: 16103161)
Suite result: ok. 11 passed; 0 failed; 0 skipped; finished in 278.50ms (119.89ms CPU time)

Ran 35 tests for test/craps/JackpotBattle.t.sol:JackpotBattleTest
[PASS] testFuzz_HighPoolConservesAndCompsOnlyExpectedFeeLoss(bool,uint8,uint8,uint8,uint96,uint256) (runs: 1000, μ: 2404249, ~: 2350042)
[PASS] testFuzz_JackpotRunStopsInsideItsRollCeiling(uint256,bool,bool) (runs: 1000, μ: 406315, ~: 409187)
[PASS] testFuzz_OrdinaryAndCustomRunsUseSharedRollCeiling(uint256,uint8,bool,bool) (runs: 64, μ: 399527, ~: 398708)
[PASS] testFuzz_PoolSplitNeverOverallocates(uint96,uint16,uint8,uint256) (runs: 1000, μ: 2413624, ~: 2347512)
[PASS] test_AddedCannotIncreaseHighExtraCapital() (gas: 2429279)
[PASS] test_AppendRejectsMoreThanOneCheckpoint() (gas: 462000)
[PASS] test_AwardCountIgnoresPaidVolumeAndPoolRoll() (gas: 854680)
[PASS] test_AwardOnlyFieldBooksNothing() (gas: 1533813)
[PASS] test_AwardTargetRetainsSafetyCap() (gas: 332282)
[PASS] test_AwardedEntryThrowsTheFieldDiceUnderItsOwnKey() (gas: 147342)
[PASS] test_BadDrawsAreSkippedAndResumeKeepsFrozenDraw() (gas: 1419728)
[PASS] test_ContestedHighPotPaysItsRolledFeesEvenWhenAllBust() (gas: 2233685)
[PASS] test_DayPriceUsesNewPresetsAndDrawnJackpotFee() (gas: 675377)
[PASS] test_DifferentBudgetsProduceSameWinnerAndPayments() (gas: 10147926)
[PASS] test_DrawnFeeVariableStakeAndExactPoolConservation() (gas: 3697969)
[PASS] test_EarlyFloorAwardsOnePerTenThousandAdded() (gas: 735517)
[PASS] test_EmptyAwardFieldStillClosesPaidBattle() (gas: 1208856)
[PASS] test_HighCompBudgetUsesPreRollEVAndOnlyAccruesOnce() (gas: 6491628)
[PASS] test_HighCopiesAndRepeatedAwardsCountAsUnits() (gas: 1679293)
[PASS] test_HighDayTicketUsesTheSameFeeOnlyAllocation() (gas: 4072104)
[PASS] test_HighExtraReceivesNoMultipliedProtocolBoon() (gas: 1693440)
[PASS] test_HighUpgradeCannotDiluteTheMainSeatAllocation() (gas: 3407346)
[PASS] test_LapseSweepLeavesADetachedBattleToSettle() (gas: 4204255)
[PASS] test_LargeAwardFieldCollectsBeforeAnyPaidSettlement() (gas: 6579445)
[PASS] test_LateAndNextDayProcessingDoesNotChangeFrozenTerms() (gas: 2124471)
[PASS] test_LockPreventsEntryUpgradeAmendmentAndPreferenceChange() (gas: 2034722)
[PASS] test_NewHighDrawAgreesWithJackpotPaidUnits() (gas: 1679654)
[PASS] test_NoEntrantsCompletesWithoutDivisionOrPayout() (gas: 492269)
[PASS] test_OnlyGameCanLockOrSupplyField() (gas: 100109)
[PASS] test_OnlyPaidFeesAreBookedAsActionAndComped() (gas: 3746504)
[PASS] test_PaidOwnThenDayThenAwarded_OneWalkFinalizesOnce() (gas: 1961324)
[PASS] test_RetryCannotReplaceAllocationOrField() (gas: 1558578)
[PASS] test_RunDailyBattleWorkUsesParentAllowanceAndFinishesLockedDailyField() (gas: 1868515)
[PASS] test_SixDeadlinesAndUnusedSlot() (gas: 95547)
[PASS] test_SoleHighBountyRidesAndItsWholeExtraFeeEarnsLossComps() (gas: 1351096)
Suite result: ok. 35 passed; 0 failed; 0 skipped; finished in 278.49ms (1.16s CPU time)

Ran 11 test suites in 279.70ms (2.34s CPU time): 197 tests passed, 0 failed, 0 skipped (197 total tests)
